

================================================================
== Vitis HLS Report for 'mv'
================================================================
* Date:           Wed Apr  8 10:44:05 2026

* Version:        2024.2 (Build 5238294 on Nov  8 2024)
* Project:        mv
* Solution:       solution1 (Vivado IP Flow Target)
* Product family: zynquplus
* Target device:  xczu7ev-ffvc1156-2-e


================================================================
== Performance Estimates
================================================================
+ Timing: 
    * Summary: 
    +--------+----------+----------+------------+
    |  Clock |  Target  | Estimated| Uncertainty|
    +--------+----------+----------+------------+
    |ap_clk  |  10.00 ns|  7.300 ns|     2.70 ns|
    +--------+----------+----------+------------+

+ Latency: 
    * Summary: 
    +---------+---------+----------+-----------+-----+---------+---------+
    |  Latency (cycles) |  Latency (absolute)  |    Interval   | Pipeline|
    |   min   |   max   |    min   |    max    | min |   max   |   Type  |
    +---------+---------+----------+-----------+-----+---------+---------+
    |       24|  1057300|  0.240 us|  10.573 ms|   25|  1057301|       no|
    +---------+---------+----------+-----------+-----+---------+---------+

    + Detail: 
        * Instance: 
        +---------------------------------+----------------------+---------+---------+-----------+-----------+-----+------+------------------------------------------------+
        |                                 |                      |  Latency (cycles) |   Latency (absolute)  |  Interval  |                    Pipeline                    |
        |             Instance            |        Module        |   min   |   max   |    min    |    max    | min |  max |                      Type                      |
        +---------------------------------+----------------------+---------+---------+-----------+-----------+-----+------+------------------------------------------------+
        |grp_mv_Pipeline_x_buff_fu_248    |mv_Pipeline_x_buff    |        4|      515|  40.000 ns|   5.150 us|    2|   513|  loop auto-rewind stp (delay=0 clock cycles(s))|
        |grp_mv_Pipeline_col_loop_fu_264  |mv_Pipeline_col_loop  |        4|      515|  40.000 ns|   5.150 us|    2|   513|  loop auto-rewind stp (delay=0 clock cycles(s))|
        |grp_mv_Pipeline_mac_loop_fu_280  |mv_Pipeline_mac_loop  |       10|     1543|   0.100 us|  15.430 us|    6|  1539|  loop auto-rewind stp (delay=0 clock cycles(s))|
        +---------------------------------+----------------------+---------+---------+-----------+-----------+-----+------+------------------------------------------------+

        * Loop: 
        +------------+---------+---------+----------+-----------+-----------+---------+----------+
        |            |  Latency (cycles) | Iteration|  Initiation Interval  |   Trip  |          |
        |  Loop Name |   min   |   max   |  Latency |  achieved |   target  |  Count  | Pipelined|
        +------------+---------+---------+----------+-----------+-----------+---------+----------+
        |- row_loop  |        3|  1056768|  3 ~ 2064|          -|          -|  1 ~ 512|        no|
        +------------+---------+---------+----------+-----------+-----------+---------+----------+



================================================================
== Utilization Estimates
================================================================
* Summary: 
+-----------------+---------+------+--------+--------+-----+
|       Name      | BRAM_18K|  DSP |   FF   |   LUT  | URAM|
+-----------------+---------+------+--------+--------+-----+
|DSP              |        -|     -|       -|       -|    -|
|Expression       |        -|     -|       0|     343|    -|
|FIFO             |        -|     -|       -|       -|    -|
|Instance         |        6|     9|    3060|    3358|    0|
|Memory           |       16|     -|       0|       0|    0|
|Multiplexer      |        -|     -|       0|     878|    -|
|Register         |        -|     -|     530|       -|    -|
+-----------------+---------+------+--------+--------+-----+
|Total            |       22|     9|    3590|    4579|    0|
+-----------------+---------+------+--------+--------+-----+
|Available        |      624|  1728|  460800|  230400|   96|
+-----------------+---------+------+--------+--------+-----+
|Utilization (%)  |        3|    ~0|      ~0|       1|    0|
+-----------------+---------+------+--------+--------+-----+

+ Detail: 
    * Instance: 
    +---------------------------------+----------------------+---------+----+-----+-----+-----+
    |             Instance            |        Module        | BRAM_18K| DSP|  FF | LUT | URAM|
    +---------------------------------+----------------------+---------+----+-----+-----+-----+
    |A_port_m_axi_U                   |A_port_m_axi          |        2|   0|  671|  637|    0|
    |b_port_m_axi_U                   |b_port_m_axi          |        2|   0|  671|  637|    0|
    |c_port_m_axi_U                   |c_port_m_axi          |        2|   0|  665|  625|    0|
    |control_bus_s_axi_U              |control_bus_s_axi     |        0|   0|  112|  168|    0|
    |control_s_axi_U                  |control_s_axi         |        0|   0|  240|  424|    0|
    |mul_32ns_32ns_63_1_1_U48         |mul_32ns_32ns_63_1_1  |        0|   4|    0|   20|    0|
    |grp_mv_Pipeline_col_loop_fu_264  |mv_Pipeline_col_loop  |        0|   0|   87|  125|    0|
    |grp_mv_Pipeline_mac_loop_fu_280  |mv_Pipeline_mac_loop  |        0|   5|  527|  596|    0|
    |grp_mv_Pipeline_x_buff_fu_248    |mv_Pipeline_x_buff    |        0|   0|   87|  126|    0|
    +---------------------------------+----------------------+---------+----+-----+-----+-----+
    |Total                            |                      |        6|   9| 3060| 3358|    0|
    +---------------------------------+----------------------+---------+----+-----+-----+-----+

    * DSP: 
    N/A

    * Memory: 
    +-------------+---------------------+---------+---+----+-----+------+-----+------+-------------+
    |    Memory   |        Module       | BRAM_18K| FF| LUT| URAM| Words| Bits| Banks| W*Bits*Banks|
    +-------------+---------------------+---------+---+----+-----+------+-----+------+-------------+
    |x_buf_U      |x_buf_RAM_AUTO_1R1W  |        1|  0|   0|    0|    64|   32|     1|         2048|
    |x_buf_1_U    |x_buf_RAM_AUTO_1R1W  |        1|  0|   0|    0|    64|   32|     1|         2048|
    |x_buf_2_U    |x_buf_RAM_AUTO_1R1W  |        1|  0|   0|    0|    64|   32|     1|         2048|
    |x_buf_3_U    |x_buf_RAM_AUTO_1R1W  |        1|  0|   0|    0|    64|   32|     1|         2048|
    |x_buf_4_U    |x_buf_RAM_AUTO_1R1W  |        1|  0|   0|    0|    64|   32|     1|         2048|
    |x_buf_5_U    |x_buf_RAM_AUTO_1R1W  |        1|  0|   0|    0|    64|   32|     1|         2048|
    |x_buf_6_U    |x_buf_RAM_AUTO_1R1W  |        1|  0|   0|    0|    64|   32|     1|         2048|
    |x_buf_7_U    |x_buf_RAM_AUTO_1R1W  |        1|  0|   0|    0|    64|   32|     1|         2048|
    |row_buf_U    |x_buf_RAM_AUTO_1R1W  |        1|  0|   0|    0|    64|   32|     1|         2048|
    |row_buf_1_U  |x_buf_RAM_AUTO_1R1W  |        1|  0|   0|    0|    64|   32|     1|         2048|
    |row_buf_2_U  |x_buf_RAM_AUTO_1R1W  |        1|  0|   0|    0|    64|   32|     1|         2048|
    |row_buf_3_U  |x_buf_RAM_AUTO_1R1W  |        1|  0|   0|    0|    64|   32|     1|         2048|
    |row_buf_4_U  |x_buf_RAM_AUTO_1R1W  |        1|  0|   0|    0|    64|   32|     1|         2048|
    |row_buf_5_U  |x_buf_RAM_AUTO_1R1W  |        1|  0|   0|    0|    64|   32|     1|         2048|
    |row_buf_6_U  |x_buf_RAM_AUTO_1R1W  |        1|  0|   0|    0|    64|   32|     1|         2048|
    |row_buf_7_U  |x_buf_RAM_AUTO_1R1W  |        1|  0|   0|    0|    64|   32|     1|         2048|
    +-------------+---------------------+---------+---+----+-----+------+-----+------+-------------+
    |Total        |                     |       16|  0|   0|    0|  1024|  512|    16|        32768|
    +-------------+---------------------+---------+---+----+-----+------+-----+------+-------------+

    * FIFO: 
    N/A

    * Expression: 
    +-----------------------+----------+----+---+----+------------+------------+
    |     Variable Name     | Operation| DSP| FF| LUT| Bitwidth P0| Bitwidth P1|
    +-----------------------+----------+----+---+----+------------+------------+
    |add_ln26_fu_451_p2     |         +|   0|  0|  38|          31|           1|
    |icmp_ln18_fu_310_p2    |      icmp|   0|  0|  39|          32|           1|
    |icmp_ln26_1_fu_446_p2  |      icmp|   0|  0|  39|          32|          32|
    |icmp_ln26_fu_326_p2    |      icmp|   0|  0|  39|          32|           1|
    |ap_block_state3_io     |        or|   0|  0|   2|           1|           1|
    |empty_27_fu_383_p3     |    select|   0|  0|  31|           1|          31|
    |empty_29_fu_400_p3     |    select|   0|  0|  62|           1|          63|
    |empty_31_fu_366_p3     |    select|   0|  0|  31|           1|          31|
    |select_ln26_fu_393_p3  |    select|   0|  0|  62|           1|          63|
    +-----------------------+----------+----+---+----+------------+------------+
    |Total                  |          |   0|  0| 343|         132|         224|
    +-----------------------+----------+----+---+----+------------+------------+

    * Multiplexer: 
    +---------------------+-----+-----------+-----+-----------+
    |         Name        | LUT | Input Size| Bits| Total Bits|
    +---------------------+-----+-----------+-----+-----------+
    |A_port_0_ARADDR      |   14|          3|   64|        192|
    |A_port_0_ARLEN       |   14|          3|   32|         96|
    |A_port_0_ARVALID     |   14|          3|    1|          3|
    |A_port_0_RREADY      |    9|          2|    1|          2|
    |A_port_blk_n_AR      |    9|          2|    1|          2|
    |acc_0_lcssa_reg_237  |    9|          2|   32|         64|
    |ap_NS_fsm            |  121|         24|    1|         24|
    |b_port_0_ARADDR      |   14|          3|   64|        192|
    |b_port_0_ARLEN       |   14|          3|   32|         96|
    |b_port_0_ARVALID     |   14|          3|    1|          3|
    |b_port_0_RREADY      |    9|          2|    1|          2|
    |b_port_blk_n_AR      |    9|          2|    1|          2|
    |c_port_blk_n_AW      |    9|          2|    1|          2|
    |c_port_blk_n_B       |    9|          2|    1|          2|
    |c_port_blk_n_W       |    9|          2|    1|          2|
    |i_1_fu_108           |    9|          2|   31|         62|
    |row_buf_1_address0   |   14|          3|    6|         18|
    |row_buf_1_ce0        |   14|          3|    1|          3|
    |row_buf_1_we0        |    9|          2|    1|          2|
    |row_buf_2_address0   |   14|          3|    6|         18|
    |row_buf_2_ce0        |   14|          3|    1|          3|
    |row_buf_2_we0        |    9|          2|    1|          2|
    |row_buf_3_address0   |   14|          3|    6|         18|
    |row_buf_3_ce0        |   14|          3|    1|          3|
    |row_buf_3_we0        |    9|          2|    1|          2|
    |row_buf_4_address0   |   14|          3|    6|         18|
    |row_buf_4_ce0        |   14|          3|    1|          3|
    |row_buf_4_we0        |    9|          2|    1|          2|
    |row_buf_5_address0   |   14|          3|    6|         18|
    |row_buf_5_ce0        |   14|          3|    1|          3|
    |row_buf_5_we0        |    9|          2|    1|          2|
    |row_buf_6_address0   |   14|          3|    6|         18|
    |row_buf_6_ce0        |   14|          3|    1|          3|
    |row_buf_6_we0        |    9|          2|    1|          2|
    |row_buf_7_address0   |   14|          3|    6|         18|
    |row_buf_7_ce0        |   14|          3|    1|          3|
    |row_buf_7_we0        |    9|          2|    1|          2|
    |row_buf_address0     |   14|          3|    6|         18|
    |row_buf_ce0          |   14|          3|    1|          3|
    |row_buf_we0          |    9|          2|    1|          2|
    |x_buf_1_address0     |   14|          3|    6|         18|
    |x_buf_1_ce0          |   14|          3|    1|          3|
    |x_buf_1_we0          |    9|          2|    1|          2|
    |x_buf_2_address0     |   14|          3|    6|         18|
    |x_buf_2_ce0          |   14|          3|    1|          3|
    |x_buf_2_we0          |    9|          2|    1|          2|
    |x_buf_3_address0     |   14|          3|    6|         18|
    |x_buf_3_ce0          |   14|          3|    1|          3|
    |x_buf_3_we0          |    9|          2|    1|          2|
    |x_buf_4_address0     |   14|          3|    6|         18|
    |x_buf_4_ce0          |   14|          3|    1|          3|
    |x_buf_4_we0          |    9|          2|    1|          2|
    |x_buf_5_address0     |   14|          3|    6|         18|
    |x_buf_5_ce0          |   14|          3|    1|          3|
    |x_buf_5_we0          |    9|          2|    1|          2|
    |x_buf_6_address0     |   14|          3|    6|         18|
    |x_buf_6_ce0          |   14|          3|    1|          3|
    |x_buf_6_we0          |    9|          2|    1|          2|
    |x_buf_7_address0     |   14|          3|    6|         18|
    |x_buf_7_ce0          |   14|          3|    1|          3|
    |x_buf_7_we0          |    9|          2|    1|          2|
    |x_buf_address0       |   14|          3|    6|         18|
    |x_buf_ce0            |   14|          3|    1|          3|
    |x_buf_we0            |    9|          2|    1|          2|
    +---------------------+-----+-----------+-----+-----------+
    |Total                |  878|        188|  393|       1114|
    +---------------------+-----+-----------+-----+-----------+

    * Register: 
    +----------------------------------------------+----+----+-----+-----------+
    |                     Name                     | FF | LUT| Bits| Const Bits|
    +----------------------------------------------+----+----+-----+-----------+
    |acc_0_lcssa_reg_237                           |  32|   0|   32|          0|
    |add_ln26_reg_568                              |  31|   0|   31|          0|
    |ap_CS_fsm                                     |  23|   0|   23|          0|
    |c_port_addr_reg_524                           |  64|   0|   64|          0|
    |columns_read_reg_476                          |  32|   0|   32|          0|
    |empty_27_reg_535                              |  31|   0|   31|          0|
    |empty_29_reg_540                              |  63|   0|   63|          0|
    |empty_31_reg_530                              |  31|   0|   31|          0|
    |empty_reg_488                                 |  31|   0|   31|          0|
    |grp_mv_Pipeline_col_loop_fu_264_ap_start_reg  |   1|   0|    1|          0|
    |grp_mv_Pipeline_mac_loop_fu_280_ap_start_reg  |   1|   0|    1|          0|
    |grp_mv_Pipeline_x_buff_fu_248_ap_start_reg    |   1|   0|    1|          0|
    |i_1_fu_108                                    |  31|   0|   31|          0|
    |icmp_ln18_reg_501                             |   1|   0|    1|          0|
    |icmp_ln26_reg_513                             |   1|   0|    1|          0|
    |rows_read_reg_482                             |  32|   0|   32|          0|
    |trunc_ln1_reg_518                             |  62|   0|   62|          0|
    |trunc_ln_reg_507                              |  62|   0|   62|          0|
    +----------------------------------------------+----+----+-----+-----------+
    |Total                                         | 530|   0|  530|          0|
    +----------------------------------------------+----+----+-----+-----------+



================================================================
== Interface
================================================================
* Summary: 
+---------------------------+-----+-----+------------+--------------+--------------+
|         RTL Ports         | Dir | Bits|  Protocol  | Source Object|    C Type    |
+---------------------------+-----+-----+------------+--------------+--------------+
|s_axi_control_AWVALID      |   in|    1|       s_axi|       control|        scalar|
|s_axi_control_AWREADY      |  out|    1|       s_axi|       control|        scalar|
|s_axi_control_AWADDR       |   in|    6|       s_axi|       control|        scalar|
|s_axi_control_WVALID       |   in|    1|       s_axi|       control|        scalar|
|s_axi_control_WREADY       |  out|    1|       s_axi|       control|        scalar|
|s_axi_control_WDATA        |   in|   32|       s_axi|       control|        scalar|
|s_axi_control_WSTRB        |   in|    4|       s_axi|       control|        scalar|
|s_axi_control_ARVALID      |   in|    1|       s_axi|       control|        scalar|
|s_axi_control_ARREADY      |  out|    1|       s_axi|       control|        scalar|
|s_axi_control_ARADDR       |   in|    6|       s_axi|       control|        scalar|
|s_axi_control_RVALID       |  out|    1|       s_axi|       control|        scalar|
|s_axi_control_RREADY       |   in|    1|       s_axi|       control|        scalar|
|s_axi_control_RDATA        |  out|   32|       s_axi|       control|        scalar|
|s_axi_control_RRESP        |  out|    2|       s_axi|       control|        scalar|
|s_axi_control_BVALID       |  out|    1|       s_axi|       control|        scalar|
|s_axi_control_BREADY       |   in|    1|       s_axi|       control|        scalar|
|s_axi_control_BRESP        |  out|    2|       s_axi|       control|        scalar|
|s_axi_control_bus_AWVALID  |   in|    1|       s_axi|   control_bus|        scalar|
|s_axi_control_bus_AWREADY  |  out|    1|       s_axi|   control_bus|        scalar|
|s_axi_control_bus_AWADDR   |   in|    5|       s_axi|   control_bus|        scalar|
|s_axi_control_bus_WVALID   |   in|    1|       s_axi|   control_bus|        scalar|
|s_axi_control_bus_WREADY   |  out|    1|       s_axi|   control_bus|        scalar|
|s_axi_control_bus_WDATA    |   in|   32|       s_axi|   control_bus|        scalar|
|s_axi_control_bus_WSTRB    |   in|    4|       s_axi|   control_bus|        scalar|
|s_axi_control_bus_ARVALID  |   in|    1|       s_axi|   control_bus|        scalar|
|s_axi_control_bus_ARREADY  |  out|    1|       s_axi|   control_bus|        scalar|
|s_axi_control_bus_ARADDR   |   in|    5|       s_axi|   control_bus|        scalar|
|s_axi_control_bus_RVALID   |  out|    1|       s_axi|   control_bus|        scalar|
|s_axi_control_bus_RREADY   |   in|    1|       s_axi|   control_bus|        scalar|
|s_axi_control_bus_RDATA    |  out|   32|       s_axi|   control_bus|        scalar|
|s_axi_control_bus_RRESP    |  out|    2|       s_axi|   control_bus|        scalar|
|s_axi_control_bus_BVALID   |  out|    1|       s_axi|   control_bus|        scalar|
|s_axi_control_bus_BREADY   |   in|    1|       s_axi|   control_bus|        scalar|
|s_axi_control_bus_BRESP    |  out|    2|       s_axi|   control_bus|        scalar|
|ap_clk                     |   in|    1|  ap_ctrl_hs|            mv|  return value|
|ap_rst_n                   |   in|    1|  ap_ctrl_hs|            mv|  return value|
|interrupt                  |  out|    1|  ap_ctrl_hs|            mv|  return value|
|m_axi_A_port_AWVALID       |  out|    1|       m_axi|        A_port|       pointer|
|m_axi_A_port_AWREADY       |   in|    1|       m_axi|        A_port|       pointer|
|m_axi_A_port_AWADDR        |  out|   64|       m_axi|        A_port|       pointer|
|m_axi_A_port_AWID          |  out|    1|       m_axi|        A_port|       pointer|
|m_axi_A_port_AWLEN         |  out|    8|       m_axi|        A_port|       pointer|
|m_axi_A_port_AWSIZE        |  out|    3|       m_axi|        A_port|       pointer|
|m_axi_A_port_AWBURST       |  out|    2|       m_axi|        A_port|       pointer|
|m_axi_A_port_AWLOCK        |  out|    2|       m_axi|        A_port|       pointer|
|m_axi_A_port_AWCACHE       |  out|    4|       m_axi|        A_port|       pointer|
|m_axi_A_port_AWPROT        |  out|    3|       m_axi|        A_port|       pointer|
|m_axi_A_port_AWQOS         |  out|    4|       m_axi|        A_port|       pointer|
|m_axi_A_port_AWREGION      |  out|    4|       m_axi|        A_port|       pointer|
|m_axi_A_port_AWUSER        |  out|    1|       m_axi|        A_port|       pointer|
|m_axi_A_port_WVALID        |  out|    1|       m_axi|        A_port|       pointer|
|m_axi_A_port_WREADY        |   in|    1|       m_axi|        A_port|       pointer|
|m_axi_A_port_WDATA         |  out|   32|       m_axi|        A_port|       pointer|
|m_axi_A_port_WSTRB         |  out|    4|       m_axi|        A_port|       pointer|
|m_axi_A_port_WLAST         |  out|    1|       m_axi|        A_port|       pointer|
|m_axi_A_port_WID           |  out|    1|       m_axi|        A_port|       pointer|
|m_axi_A_port_WUSER         |  out|    1|       m_axi|        A_port|       pointer|
|m_axi_A_port_ARVALID       |  out|    1|       m_axi|        A_port|       pointer|
|m_axi_A_port_ARREADY       |   in|    1|       m_axi|        A_port|       pointer|
|m_axi_A_port_ARADDR        |  out|   64|       m_axi|        A_port|       pointer|
|m_axi_A_port_ARID          |  out|    1|       m_axi|        A_port|       pointer|
|m_axi_A_port_ARLEN         |  out|    8|       m_axi|        A_port|       pointer|
|m_axi_A_port_ARSIZE        |  out|    3|       m_axi|        A_port|       pointer|
|m_axi_A_port_ARBURST       |  out|    2|       m_axi|        A_port|       pointer|
|m_axi_A_port_ARLOCK        |  out|    2|       m_axi|        A_port|       pointer|
|m_axi_A_port_ARCACHE       |  out|    4|       m_axi|        A_port|       pointer|
|m_axi_A_port_ARPROT        |  out|    3|       m_axi|        A_port|       pointer|
|m_axi_A_port_ARQOS         |  out|    4|       m_axi|        A_port|       pointer|
|m_axi_A_port_ARREGION      |  out|    4|       m_axi|        A_port|       pointer|
|m_axi_A_port_ARUSER        |  out|    1|       m_axi|        A_port|       pointer|
|m_axi_A_port_RVALID        |   in|    1|       m_axi|        A_port|       pointer|
|m_axi_A_port_RREADY        |  out|    1|       m_axi|        A_port|       pointer|
|m_axi_A_port_RDATA         |   in|   32|       m_axi|        A_port|       pointer|
|m_axi_A_port_RLAST         |   in|    1|       m_axi|        A_port|       pointer|
|m_axi_A_port_RID           |   in|    1|       m_axi|        A_port|       pointer|
|m_axi_A_port_RUSER         |   in|    1|       m_axi|        A_port|       pointer|
|m_axi_A_port_RRESP         |   in|    2|       m_axi|        A_port|       pointer|
|m_axi_A_port_BVALID        |   in|    1|       m_axi|        A_port|       pointer|
|m_axi_A_port_BREADY        |  out|    1|       m_axi|        A_port|       pointer|
|m_axi_A_port_BRESP         |   in|    2|       m_axi|        A_port|       pointer|
|m_axi_A_port_BID           |   in|    1|       m_axi|        A_port|       pointer|
|m_axi_A_port_BUSER         |   in|    1|       m_axi|        A_port|       pointer|
|m_axi_b_port_AWVALID       |  out|    1|       m_axi|        b_port|       pointer|
|m_axi_b_port_AWREADY       |   in|    1|       m_axi|        b_port|       pointer|
|m_axi_b_port_AWADDR        |  out|   64|       m_axi|        b_port|       pointer|
|m_axi_b_port_AWID          |  out|    1|       m_axi|        b_port|       pointer|
|m_axi_b_port_AWLEN         |  out|    8|       m_axi|        b_port|       pointer|
|m_axi_b_port_AWSIZE        |  out|    3|       m_axi|        b_port|       pointer|
|m_axi_b_port_AWBURST       |  out|    2|       m_axi|        b_port|       pointer|
|m_axi_b_port_AWLOCK        |  out|    2|       m_axi|        b_port|       pointer|
|m_axi_b_port_AWCACHE       |  out|    4|       m_axi|        b_port|       pointer|
|m_axi_b_port_AWPROT        |  out|    3|       m_axi|        b_port|       pointer|
|m_axi_b_port_AWQOS         |  out|    4|       m_axi|        b_port|       pointer|
|m_axi_b_port_AWREGION      |  out|    4|       m_axi|        b_port|       pointer|
|m_axi_b_port_AWUSER        |  out|    1|       m_axi|        b_port|       pointer|
|m_axi_b_port_WVALID        |  out|    1|       m_axi|        b_port|       pointer|
|m_axi_b_port_WREADY        |   in|    1|       m_axi|        b_port|       pointer|
|m_axi_b_port_WDATA         |  out|   32|       m_axi|        b_port|       pointer|
|m_axi_b_port_WSTRB         |  out|    4|       m_axi|        b_port|       pointer|
|m_axi_b_port_WLAST         |  out|    1|       m_axi|        b_port|       pointer|
|m_axi_b_port_WID           |  out|    1|       m_axi|        b_port|       pointer|
|m_axi_b_port_WUSER         |  out|    1|       m_axi|        b_port|       pointer|
|m_axi_b_port_ARVALID       |  out|    1|       m_axi|        b_port|       pointer|
|m_axi_b_port_ARREADY       |   in|    1|       m_axi|        b_port|       pointer|
|m_axi_b_port_ARADDR        |  out|   64|       m_axi|        b_port|       pointer|
|m_axi_b_port_ARID          |  out|    1|       m_axi|        b_port|       pointer|
|m_axi_b_port_ARLEN         |  out|    8|       m_axi|        b_port|       pointer|
|m_axi_b_port_ARSIZE        |  out|    3|       m_axi|        b_port|       pointer|
|m_axi_b_port_ARBURST       |  out|    2|       m_axi|        b_port|       pointer|
|m_axi_b_port_ARLOCK        |  out|    2|       m_axi|        b_port|       pointer|
|m_axi_b_port_ARCACHE       |  out|    4|       m_axi|        b_port|       pointer|
|m_axi_b_port_ARPROT        |  out|    3|       m_axi|        b_port|       pointer|
|m_axi_b_port_ARQOS         |  out|    4|       m_axi|        b_port|       pointer|
|m_axi_b_port_ARREGION      |  out|    4|       m_axi|        b_port|       pointer|
|m_axi_b_port_ARUSER        |  out|    1|       m_axi|        b_port|       pointer|
|m_axi_b_port_RVALID        |   in|    1|       m_axi|        b_port|       pointer|
|m_axi_b_port_RREADY        |  out|    1|       m_axi|        b_port|       pointer|
|m_axi_b_port_RDATA         |   in|   32|       m_axi|        b_port|       pointer|
|m_axi_b_port_RLAST         |   in|    1|       m_axi|        b_port|       pointer|
|m_axi_b_port_RID           |   in|    1|       m_axi|        b_port|       pointer|
|m_axi_b_port_RUSER         |   in|    1|       m_axi|        b_port|       pointer|
|m_axi_b_port_RRESP         |   in|    2|       m_axi|        b_port|       pointer|
|m_axi_b_port_BVALID        |   in|    1|       m_axi|        b_port|       pointer|
|m_axi_b_port_BREADY        |  out|    1|       m_axi|        b_port|       pointer|
|m_axi_b_port_BRESP         |   in|    2|       m_axi|        b_port|       pointer|
|m_axi_b_port_BID           |   in|    1|       m_axi|        b_port|       pointer|
|m_axi_b_port_BUSER         |   in|    1|       m_axi|        b_port|       pointer|
|m_axi_c_port_AWVALID       |  out|    1|       m_axi|        c_port|       pointer|
|m_axi_c_port_AWREADY       |   in|    1|       m_axi|        c_port|       pointer|
|m_axi_c_port_AWADDR        |  out|   64|       m_axi|        c_port|       pointer|
|m_axi_c_port_AWID          |  out|    1|       m_axi|        c_port|       pointer|
|m_axi_c_port_AWLEN         |  out|    8|       m_axi|        c_port|       pointer|
|m_axi_c_port_AWSIZE        |  out|    3|       m_axi|        c_port|       pointer|
|m_axi_c_port_AWBURST       |  out|    2|       m_axi|        c_port|       pointer|
|m_axi_c_port_AWLOCK        |  out|    2|       m_axi|        c_port|       pointer|
|m_axi_c_port_AWCACHE       |  out|    4|       m_axi|        c_port|       pointer|
|m_axi_c_port_AWPROT        |  out|    3|       m_axi|        c_port|       pointer|
|m_axi_c_port_AWQOS         |  out|    4|       m_axi|        c_port|       pointer|
|m_axi_c_port_AWREGION      |  out|    4|       m_axi|        c_port|       pointer|
|m_axi_c_port_AWUSER        |  out|    1|       m_axi|        c_port|       pointer|
|m_axi_c_port_WVALID        |  out|    1|       m_axi|        c_port|       pointer|
|m_axi_c_port_WREADY        |   in|    1|       m_axi|        c_port|       pointer|
|m_axi_c_port_WDATA         |  out|   32|       m_axi|        c_port|       pointer|
|m_axi_c_port_WSTRB         |  out|    4|       m_axi|        c_port|       pointer|
|m_axi_c_port_WLAST         |  out|    1|       m_axi|        c_port|       pointer|
|m_axi_c_port_WID           |  out|    1|       m_axi|        c_port|       pointer|
|m_axi_c_port_WUSER         |  out|    1|       m_axi|        c_port|       pointer|
|m_axi_c_port_ARVALID       |  out|    1|       m_axi|        c_port|       pointer|
|m_axi_c_port_ARREADY       |   in|    1|       m_axi|        c_port|       pointer|
|m_axi_c_port_ARADDR        |  out|   64|       m_axi|        c_port|       pointer|
|m_axi_c_port_ARID          |  out|    1|       m_axi|        c_port|       pointer|
|m_axi_c_port_ARLEN         |  out|    8|       m_axi|        c_port|       pointer|
|m_axi_c_port_ARSIZE        |  out|    3|       m_axi|        c_port|       pointer|
|m_axi_c_port_ARBURST       |  out|    2|       m_axi|        c_port|       pointer|
|m_axi_c_port_ARLOCK        |  out|    2|       m_axi|        c_port|       pointer|
|m_axi_c_port_ARCACHE       |  out|    4|       m_axi|        c_port|       pointer|
|m_axi_c_port_ARPROT        |  out|    3|       m_axi|        c_port|       pointer|
|m_axi_c_port_ARQOS         |  out|    4|       m_axi|        c_port|       pointer|
|m_axi_c_port_ARREGION      |  out|    4|       m_axi|        c_port|       pointer|
|m_axi_c_port_ARUSER        |  out|    1|       m_axi|        c_port|       pointer|
|m_axi_c_port_RVALID        |   in|    1|       m_axi|        c_port|       pointer|
|m_axi_c_port_RREADY        |  out|    1|       m_axi|        c_port|       pointer|
|m_axi_c_port_RDATA         |   in|   32|       m_axi|        c_port|       pointer|
|m_axi_c_port_RLAST         |   in|    1|       m_axi|        c_port|       pointer|
|m_axi_c_port_RID           |   in|    1|       m_axi|        c_port|       pointer|
|m_axi_c_port_RUSER         |   in|    1|       m_axi|        c_port|       pointer|
|m_axi_c_port_RRESP         |   in|    2|       m_axi|        c_port|       pointer|
|m_axi_c_port_BVALID        |   in|    1|       m_axi|        c_port|       pointer|
|m_axi_c_port_BREADY        |  out|    1|       m_axi|        c_port|       pointer|
|m_axi_c_port_BRESP         |   in|    2|       m_axi|        c_port|       pointer|
|m_axi_c_port_BID           |   in|    1|       m_axi|        c_port|       pointer|
|m_axi_c_port_BUSER         |   in|    1|       m_axi|        c_port|       pointer|
+---------------------------+-----+-----+------------+--------------+--------------+

