

================================================================
== Synthesis Summary Report of 'mv'
================================================================
+ General Information: 
    * Date:           Wed Apr  8 10:38:13 2026
    * Version:        2024.2 (Build 5238294 on Nov  8 2024)
    * Project:        mv
    * Solution:       solution1 (Vivado IP Flow Target)
    * Product family: zynquplus
    * Target device:  xczu7ev-ffvc1156-2-e
    

+ Performance & Resource Estimates: 
    
    PS: '+' for module; 'o' for loop; '*' for dataflow
    +--------------------------+------+------+---------+-----------+----------+---------+------+----------+---------+---------+------------+-----------+-----+
    |          Modules         | Issue|      | Latency |  Latency  | Iteration|         | Trip |          |         |         |            |           |     |
    |          & Loops         | Type | Slack| (cycles)|    (ns)   |  Latency | Interval| Count| Pipelined|  BRAM   |   DSP   |     FF     |    LUT    | URAM|
    +--------------------------+------+------+---------+-----------+----------+---------+------+----------+---------+---------+------------+-----------+-----+
    |+ mv                      |     -|  0.00|  1057300|  1.057e+07|         -|  1057301|     -|        no|  22 (3%)|  9 (~0%)|  3590 (~0%)|  4579 (1%)|    -|
    | + mv_Pipeline_x_buff     |     -|  0.00|      515|  5.150e+03|         -|      515|     -|        no|        -|        -|    87 (~0%)|  126 (~0%)|    -|
    |  o x_buff                |     -|  7.30|      513|  5.130e+03|         3|        1|   512|       yes|        -|        -|           -|          -|    -|
    | o row_loop               |     -|  7.30|  1056768|  1.057e+07|      2064|        -|   512|        no|        -|        -|           -|          -|    -|
    |  + mv_Pipeline_col_loop  |     -|  0.00|      515|  5.150e+03|         -|      515|     -|        no|        -|        -|    87 (~0%)|  125 (~0%)|    -|
    |   o col_loop             |     -|  7.30|      513|  5.130e+03|         3|        1|   512|       yes|        -|        -|           -|          -|    -|
    |  + mv_Pipeline_mac_loop  |     -|  0.28|     1543|  1.543e+04|         -|     1543|     -|        no|        -|  5 (~0%)|   527 (~0%)|  596 (~0%)|    -|
    |   o mac_loop             |    II|  7.30|     1541|  1.541e+04|         9|        3|   512|       yes|        -|        -|           -|          -|    -|
    +--------------------------+------+------+---------+-----------+----------+---------+------+----------+---------+---------+------------+-----------+-----+


================================================================
== HW Interfaces
================================================================
* M_AXI
+-------------+------------+------------+---------------+---------+--------+----------+-----------+--------------+--------------+-------------+-------------+-------------------+
| Interface   | Read/Write | Data Width | Address Width | Latency | Offset | Register | Max Widen | Max Read     | Max Write    | Num Read    | Num Write   | Resource Estimate |
|             |            | (SW->HW)   |               |         |        |          | Bitwidth  | Burst Length | Burst Length | Outstanding | Outstanding |                   |
+-------------+------------+------------+---------------+---------+--------+----------+-----------+--------------+--------------+-------------+-------------+-------------------+
| m_axi_gmem0 | READ_ONLY  | 32 -> 32   | 64            | 0       | slave  | 0        | 0         | 16           | 16           | 16          | 16          | BRAM=2            |
| m_axi_gmem1 | READ_ONLY  | 32 -> 32   | 64            | 0       | slave  | 0        | 0         | 16           | 16           | 16          | 16          | BRAM=2            |
| m_axi_gmem2 | WRITE_ONLY | 32 -> 32   | 64            | 0       | slave  | 0        | 0         | 16           | 16           | 16          | 16          | BRAM=2            |
+-------------+------------+------------+---------------+---------+--------+----------+-----------+--------------+--------------+-------------+-------------+-------------------+

* S_AXILITE Interfaces
+-----------------+------------+---------------+--------+----------+
| Interface       | Data Width | Address Width | Offset | Register |
+-----------------+------------+---------------+--------+----------+
| s_axi_control   | 32         | 5             | 16     | 0        |
| s_axi_control_r | 32         | 6             | 16     | 0        |
+-----------------+------------+---------------+--------+----------+

* S_AXILITE Registers
+-----------------+----------+--------+-------+--------+----------------------------------+----------------------------------------------------------------------+
| Interface       | Register | Offset | Width | Access | Description                      | Bit Fields                                                           |
+-----------------+----------+--------+-------+--------+----------------------------------+----------------------------------------------------------------------+
| s_axi_control   | CTRL     | 0x00   | 32    | RW     | Control signals                  | 0=AP_START 1=AP_DONE 2=AP_IDLE 3=AP_READY 7=AUTO_RESTART 9=INTERRUPT |
| s_axi_control   | GIER     | 0x04   | 32    | RW     | Global Interrupt Enable Register | 0=Enable                                                             |
| s_axi_control   | IP_IER   | 0x08   | 32    | RW     | IP Interrupt Enable Register     | 0=CHAN0_INT_EN 1=CHAN1_INT_EN                                        |
| s_axi_control   | IP_ISR   | 0x0c   | 32    | RW     | IP Interrupt Status Register     | 0=CHAN0_INT_ST 1=CHAN1_INT_ST                                        |
| s_axi_control   | rows     | 0x10   | 32    | W      | Data signal of rows              |                                                                      |
| s_axi_control   | columns  | 0x18   | 32    | W      | Data signal of columns           |                                                                      |
| s_axi_control_r | A_1      | 0x10   | 32    | W      | Data signal of A                 |                                                                      |
| s_axi_control_r | A_2      | 0x14   | 32    | W      | Data signal of A                 |                                                                      |
| s_axi_control_r | x_1      | 0x1c   | 32    | W      | Data signal of x                 |                                                                      |
| s_axi_control_r | x_2      | 0x20   | 32    | W      | Data signal of x                 |                                                                      |
| s_axi_control_r | y_1      | 0x28   | 32    | W      | Data signal of y                 |                                                                      |
| s_axi_control_r | y_2      | 0x2c   | 32    | W      | Data signal of y                 |                                                                      |
+-----------------+----------+--------+-------+--------+----------------------------------+----------------------------------------------------------------------+

* TOP LEVEL CONTROL
+-----------+------------+-----------+
| Interface | Type       | Ports     |
+-----------+------------+-----------+
| ap_clk    | clock      | ap_clk    |
| ap_rst_n  | reset      | ap_rst_n  |
| interrupt | interrupt  | interrupt |
| ap_ctrl   | ap_ctrl_hs |           |
+-----------+------------+-----------+


================================================================
== SW I/O Information
================================================================
* Top Function Arguments
+----------+-----------+---------------+
| Argument | Direction | Datatype      |
+----------+-----------+---------------+
| A        | in        | float const * |
| x        | in        | float const * |
| y        | out       | float*        |
| rows     | in        | int           |
| columns  | in        | int           |
+----------+-----------+---------------+

* SW-to-HW Mapping
+----------+-----------------+-----------+----------+-----------------------------------+
| Argument | HW Interface    | HW Type   | HW Usage | HW Info                           |
+----------+-----------------+-----------+----------+-----------------------------------+
| A        | m_axi_gmem0     | interface |          | channel=0                         |
| A        | s_axi_control_r | register  | offset   | name=A_1 offset=0x10 range=32     |
| A        | s_axi_control_r | register  | offset   | name=A_2 offset=0x14 range=32     |
| x        | m_axi_gmem1     | interface |          | channel=0                         |
| x        | s_axi_control_r | register  | offset   | name=x_1 offset=0x1c range=32     |
| x        | s_axi_control_r | register  | offset   | name=x_2 offset=0x20 range=32     |
| y        | m_axi_gmem2     | interface |          | channel=0                         |
| y        | s_axi_control_r | register  | offset   | name=y_1 offset=0x28 range=32     |
| y        | s_axi_control_r | register  | offset   | name=y_2 offset=0x2c range=32     |
| rows     | s_axi_control   | register  |          | name=rows offset=0x10 range=32    |
| columns  | s_axi_control   | register  |          | name=columns offset=0x18 range=32 |
+----------+-----------------+-----------+----------+-----------------------------------+


================================================================
== M_AXI Burst Information
================================================================
 Note: All burst requests might be further partitioned into multiple requests during RTL generation based on max_read_burst_length or max_write_burst_length settings.

* Inferred Burst Summary
+--------------+-----------+----------+-------+----------+--------------------+
| HW Interface | Direction | Length   | Width | Loop     | Loop Location      |
+--------------+-----------+----------+-------+----------+--------------------+
| m_axi_gmem0  | read      | variable | 32    |          |                    |
| m_axi_gmem1  | read      | variable | 32    | x_buff   | ../src/mv.cpp:18:5 |
| m_axi_gmem2  | write     | variable | 32    | row_loop | ../src/mv.cpp:26:5 |
+--------------+-----------+----------+-------+----------+--------------------+

* All M_AXI Variable Accesses
+--------------+----------+---------------------+-----------+--------------+----------+----------+--------------------+------------+---------------------------------------------------------------------------------------------------------+
| HW Interface | Variable | Access Location     | Direction | Burst Status | Length   | Loop     | Loop Location      | Resolution | Problem                                                                                                 |
+--------------+----------+---------------------+-----------+--------------+----------+----------+--------------------+------------+---------------------------------------------------------------------------------------------------------+
| m_axi_gmem0  | A        | ../src/mv.cpp:35:15 | read      | Widen Fail   |          | col_loop | ../src/mv.cpp:31:9 | 214-353    | Could not widen since type float size is greater than or equal to the max_widen_bitwidth threshold of 0 |
| m_axi_gmem0  | A        | ../src/mv.cpp:35:15 | read      | Inferred     | variable | row_loop | ../src/mv.cpp:26:5 |            |                                                                                                         |
| m_axi_gmem1  | x        | ../src/mv.cpp:22:13 | read      | Widen Fail   |          | x_buff   | ../src/mv.cpp:18:5 | 214-353    | Could not widen since type float size is greater than or equal to the max_widen_bitwidth threshold of 0 |
| m_axi_gmem1  | x        | ../src/mv.cpp:22:13 | read      | Inferred     | variable | x_buff   | ../src/mv.cpp:18:5 |            |                                                                                                         |
| m_axi_gmem2  | y        | ../src/mv.cpp:46:14 | write     | Widen Fail   |          | row_loop | ../src/mv.cpp:26:5 | 214-353    | Could not widen since type float size is greater than or equal to the max_widen_bitwidth threshold of 0 |
| m_axi_gmem2  | y        | ../src/mv.cpp:46:14 | write     | Inferred     | variable | row_loop | ../src/mv.cpp:26:5 |            |                                                                                                         |
+--------------+----------+---------------------+-----------+--------------+----------+----------+--------------------+------------+---------------------------------------------------------------------------------------------------------+

    * Resolution URL: docs.xilinx.com/access/sources/dita/topic?Doc_Version=2024.2%20English&url=ug1448-hls-guidance&resourceid=XXX-YYY.html (replace XXX-YYY with column value)

================================================================
== Bind Op Report
================================================================
+---------------------------------------+-----+--------+-------------+-----------+--------------------------+---------+
| Name                                  | DSP | Pragma | Variable    | Op        | Impl                     | Latency |
+---------------------------------------+-----+--------+-------------+-----------+--------------------------+---------+
| + mv                                  | 9   |        |             |           |                          |         |
|   icmp_ln18_fu_310_p2                 |     |        | icmp_ln18   | setgt     | auto                     | 0       |
|   empty_27_fu_383_p3                  |     |        | empty_27    | select    | auto_sel                 | 0       |
|   icmp_ln26_fu_326_p2                 |     |        | icmp_ln26   | setgt     | auto                     | 0       |
|   mul_32ns_32ns_63_1_1_U48            | 4   |        | mul_ln26    | mul       | auto                     | 0       |
|   select_ln26_fu_393_p3               |     |        | select_ln26 | select    | auto_sel                 | 0       |
|   empty_29_fu_400_p3                  |     |        | empty_29    | select    | auto_sel                 | 0       |
|   empty_31_fu_366_p3                  |     |        | empty_31    | select    | auto_sel                 | 0       |
|   icmp_ln26_1_fu_446_p2               |     |        | icmp_ln26_1 | setlt     | auto                     | 0       |
|   add_ln26_fu_451_p2                  |     |        | add_ln26    | add       | fabric                   | 0       |
|  + mv_Pipeline_x_buff                 | 0   |        |             |           |                          |         |
|    icmp_ln18_fu_227_p2                |     |        | icmp_ln18   | setlt     | auto                     | 0       |
|    add_ln18_fu_233_p2                 |     |        | add_ln18    | add       | fabric                   | 0       |
|  + mv_Pipeline_col_loop               | 0   |        |             |           |                          |         |
|    icmp_ln31_fu_223_p2                |     |        | icmp_ln31   | seteq     | auto                     | 0       |
|    add_ln31_fu_229_p2                 |     |        | add_ln31    | add       | fabric                   | 0       |
|  + mv_Pipeline_mac_loop               | 5   |        |             |           |                          |         |
|    icmp_ln40_fu_342_p2                |     |        | icmp_ln40   | seteq     | auto                     | 0       |
|    add_ln40_fu_348_p2                 |     |        | add_ln40    | add       | fabric                   | 0       |
|    sparsemux_17_3_32_1_1_U25          |     |        | tmp         | sparsemux | compactencoding_dontcare | 0       |
|    sparsemux_17_3_32_1_1_U26          |     |        | tmp_1       | sparsemux | compactencoding_dontcare | 0       |
|    fmul_32ns_32ns_32_3_max_dsp_1_U24  | 3   |        | mul         | fmul      | maxdsp                   | 2       |
|    fadd_32ns_32ns_32_4_full_dsp_1_U23 | 2   |        | acc_1       | fadd      | fulldsp                  | 3       |
+---------------------------------------+-----+--------+-------------+-----------+--------------------------+---------+


================================================================
== Storage Report
================================================================
+---------------------+--------------+-----------+------+------+--------+-----------+------+---------+------------------+
| Name                | Usage        | Type      | BRAM | URAM | Pragma | Variable  | Impl | Latency | Bitwidth, Depth, |
|                     |              |           |      |      |        |           |      |         | Banks            |
+---------------------+--------------+-----------+------+------+--------+-----------+------+---------+------------------+
| + mv                |              |           | 22   | 0    |        |           |      |         |                  |
|   control_s_axi_U   | interface    | s_axilite |      |      |        |           |      |         |                  |
|   control_r_s_axi_U | interface    | s_axilite |      |      |        |           |      |         |                  |
|   gmem0_m_axi_U     | interface    | m_axi     | 2    |      |        |           |      |         |                  |
|   gmem1_m_axi_U     | interface    | m_axi     | 2    |      |        |           |      |         |                  |
|   gmem2_m_axi_U     | interface    | m_axi     | 2    |      |        |           |      |         |                  |
|   x_buf_U           | ram_1p array |           | 2    |      |        | x_buf     | auto | 1       | 32, 64, 1        |
|   x_buf_1_U         | ram_1p array |           | 2    |      |        | x_buf_1   | auto | 1       | 32, 64, 1        |
|   x_buf_2_U         | ram_1p array |           | 2    |      |        | x_buf_2   | auto | 1       | 32, 64, 1        |
|   x_buf_3_U         | ram_1p array |           | 2    |      |        | x_buf_3   | auto | 1       | 32, 64, 1        |
|   x_buf_4_U         | ram_1p array |           | 2    |      |        | x_buf_4   | auto | 1       | 32, 64, 1        |
|   x_buf_5_U         | ram_1p array |           | 2    |      |        | x_buf_5   | auto | 1       | 32, 64, 1        |
|   x_buf_6_U         | ram_1p array |           | 2    |      |        | x_buf_6   | auto | 1       | 32, 64, 1        |
|   x_buf_7_U         | ram_1p array |           | 2    |      |        | x_buf_7   | auto | 1       | 32, 64, 1        |
|   row_buf_U         | ram_1p array |           | 2    |      |        | row_buf   | auto | 1       | 32, 64, 1        |
|   row_buf_1_U       | ram_1p array |           | 2    |      |        | row_buf_1 | auto | 1       | 32, 64, 1        |
|   row_buf_2_U       | ram_1p array |           | 2    |      |        | row_buf_2 | auto | 1       | 32, 64, 1        |
|   row_buf_3_U       | ram_1p array |           | 2    |      |        | row_buf_3 | auto | 1       | 32, 64, 1        |
|   row_buf_4_U       | ram_1p array |           | 2    |      |        | row_buf_4 | auto | 1       | 32, 64, 1        |
|   row_buf_5_U       | ram_1p array |           | 2    |      |        | row_buf_5 | auto | 1       | 32, 64, 1        |
|   row_buf_6_U       | ram_1p array |           | 2    |      |        | row_buf_6 | auto | 1       | 32, 64, 1        |
|   row_buf_7_U       | ram_1p array |           | 2    |      |        | row_buf_7 | auto | 1       | 32, 64, 1        |
+---------------------+--------------+-----------+------+------+--------+-----------+------+---------+------------------+


================================================================
== Pragma Report
================================================================
* Valid Pragma Syntax
+-----------------+----------------------------------------------+------------------------+
| Type            | Options                                      | Location               |
+-----------------+----------------------------------------------+------------------------+
| interface       | m_axi port = A offset = slave bundle = gmem0 | ../src/mv.cpp:4 in mv  |
| interface       | m_axi port = x offset = slave bundle = gmem1 | ../src/mv.cpp:5 in mv  |
| interface       | m_axi port = y offset = slave bundle = gmem2 | ../src/mv.cpp:6 in mv  |
| interface       | s_axilite port = rows bundle = control       | ../src/mv.cpp:7 in mv  |
| interface       | s_axilite port = columns bundle = control    | ../src/mv.cpp:8 in mv  |
| interface       | s_axilite port = return bundle = control     | ../src/mv.cpp:9 in mv  |
| array_partition | variable = x_buf cyclic factor = 8           | ../src/mv.cpp:13 in mv |
| array_partition | variable = row_buf cyclic factor = 8         | ../src/mv.cpp:14 in mv |
| pipeline        | II = 1                                       | ../src/mv.cpp:20 in mv |
| loop_tripcount  | min = 1 max = 512 avg = 512                  | ../src/mv.cpp:21 in mv |
| loop_tripcount  | min = 1 max = 512 avg = 512                  | ../src/mv.cpp:28 in mv |
| pipeline        | II = 1                                       | ../src/mv.cpp:33 in mv |
| loop_tripcount  | min = 1 max = 512 avg = 512                  | ../src/mv.cpp:34 in mv |
| pipeline        | II = 1                                       | ../src/mv.cpp:42 in mv |
| loop_tripcount  | min = 1 max = 512 avg = 512                  | ../src/mv.cpp:43 in mv |
+-----------------+----------------------------------------------+------------------------+


