

================================================================
== Vitis HLS Report for 'admm'
================================================================
* Date:           Fri May 15 12:48:48 2026

* Version:        2024.2 (Build 5238294 on Nov  8 2024)
* Project:        admm_HW_HLS
* Solution:       solution1 (Vivado IP Flow Target)
* Product family: zynquplus
* Target device:  xczu7ev-ffvc1156-2-e


================================================================
== Performance Estimates
================================================================
+ Timing: 
    * Summary: 
    +--------+----------+-----------+------------+
    |  Clock |  Target  | Estimated | Uncertainty|
    +--------+----------+-----------+------------+
    |ap_clk  |  10.00 ns|  14.856 ns|     1.00 ns|
    +--------+----------+-----------+------------+

+ Latency: 
    * Summary: 
    +---------+---------+----------+----------+-----+-----+---------+
    |  Latency (cycles) |  Latency (absolute) |  Interval | Pipeline|
    |   min   |   max   |    min   |    max   | min | max |   Type  |
    +---------+---------+----------+----------+-----+-----+---------+
    |        ?|        ?|         ?|         ?|    ?|    ?|       no|
    +---------+---------+----------+----------+-----+-----+---------+

    + Detail: 
        * Instance: 
        +---------------------------------------------+---------------------------------+---------+------------+-----------+------------+-----+------------+------------------------------------------------+
        |                                             |                                 |   Latency (cycles)   |   Latency (absolute)   |     Interval     |                    Pipeline                    |
        |                   Instance                  |              Module             |   min   |     max    |    min    |     max    | min |     max    |                      Type                      |
        +---------------------------------------------+---------------------------------+---------+------------+-----------+------------+-----+------------+------------------------------------------------+
        |grp_spmv_csc_fu_820                          |spmv_csc                         |        ?|           ?|          ?|           ?|    ?|           ?|                                              no|
        |grp_admm_Pipeline_VITIS_LOOP_459_1_fu_889    |admm_Pipeline_VITIS_LOOP_459_1   |        4|           ?|  40.000 ns|           ?|    2|           0|  loop auto-rewind stp (delay=0 clock cycles(s))|
        |grp_admm_Pipeline_VITIS_LOOP_28_1_fu_903     |admm_Pipeline_VITIS_LOOP_28_1    |        5|   536870916|  50.000 ns|   5.369 sec|    2|   536870913|  loop auto-rewind stp (delay=0 clock cycles(s))|
        |grp_admm_Pipeline_VITIS_LOOP_472_2_fu_913    |admm_Pipeline_VITIS_LOOP_472_2   |        ?|           ?|          ?|           ?|    0|           0|  loop auto-rewind stp (delay=0 clock cycles(s))|
        |grp_update_preconditioner_fu_929             |update_preconditioner            |        ?|           ?|          ?|           ?|    ?|           ?|                                              no|
        |grp_fmax_fu_947                              |fmax                             |        0|           0|       0 ns|        0 ns|    1|           1|                                             yes|
        |tmp_269_fmax_fu_956                          |fmax                             |        0|           0|       0 ns|        0 ns|    1|           1|                                             yes|
        |max_dual_fmax_fu_963                         |fmax                             |        0|           0|       0 ns|        0 ns|    1|           1|                                             yes|
        |grp_apply_new_rho_fu_970                     |apply_new_rho                    |      103|  4294967391|   1.030 us|  42.950 sec|  103|  4294967391|                                              no|
        |grp_admm_Pipeline_VITIS_LOOP_170_1_fu_980    |admm_Pipeline_VITIS_LOOP_170_1   |        ?|           ?|          ?|           ?|    0|           0|  loop auto-rewind stp (delay=0 clock cycles(s))|
        |grp_admm_Pipeline_VITIS_LOOP_177_2_fu_989    |admm_Pipeline_VITIS_LOOP_177_2   |       13|           ?|   0.130 us|           ?|    2|           0|  loop auto-rewind stp (delay=0 clock cycles(s))|
        |grp_admm_Pipeline_VITIS_LOOP_28_11_fu_1002   |admm_Pipeline_VITIS_LOOP_28_11   |        5|   536870916|  50.000 ns|   5.369 sec|    2|   536870913|  loop auto-rewind stp (delay=0 clock cycles(s))|
        |grp_admm_Pipeline_VITIS_LOOP_149_1_fu_1010   |admm_Pipeline_VITIS_LOOP_149_1   |       18|   536870929|   0.180 us|   5.369 sec|    2|   536870913|  loop auto-rewind stp (delay=0 clock cycles(s))|
        |grp_admm_Pipeline_VITIS_LOOP_170_3_fu_1018   |admm_Pipeline_VITIS_LOOP_170_3   |       61|   536870972|   0.610 us|   5.369 sec|    2|   536870913|  loop auto-rewind stp (delay=0 clock cycles(s))|
        |grp_admm_Pipeline_VITIS_LOOP_185_5_fu_1028   |admm_Pipeline_VITIS_LOOP_185_5   |        ?|           ?|          ?|           ?|    0|           0|  loop auto-rewind stp (delay=0 clock cycles(s))|
        |grp_dot_prod_fu_1038                         |dot_prod                         |        ?|           ?|          ?|           ?|    ?|           ?|                                              no|
        |grp_admm_Pipeline_VITIS_LOOP_9_1_fu_1045     |admm_Pipeline_VITIS_LOOP_9_1     |        5|   536870916|  50.000 ns|   5.369 sec|    2|   536870913|  loop auto-rewind stp (delay=0 clock cycles(s))|
        |grp_admm_Pipeline_VITIS_LOOP_231_7_fu_1053   |admm_Pipeline_VITIS_LOOP_231_7   |       18|   536870929|   0.180 us|   5.369 sec|    2|   536870913|  loop auto-rewind stp (delay=0 clock cycles(s))|
        |grp_admm_Pipeline_VITIS_LOOP_252_9_fu_1061   |admm_Pipeline_VITIS_LOOP_252_9   |       61|   536870972|   0.610 us|   5.369 sec|    2|   536870913|  loop auto-rewind stp (delay=0 clock cycles(s))|
        |grp_admm_Pipeline_VITIS_LOOP_274_11_fu_1071  |admm_Pipeline_VITIS_LOOP_274_11  |       55|  4294967343|   0.550 us|  42.950 sec|   16|  4294967304|  loop auto-rewind stp (delay=0 clock cycles(s))|
        |grp_admm_Pipeline_VITIS_LOOP_306_13_fu_1084  |admm_Pipeline_VITIS_LOOP_306_13  |       45|   536870956|   0.450 us|   5.369 sec|    2|   536870913|  loop auto-rewind stp (delay=0 clock cycles(s))|
        |grp_admm_Pipeline_VITIS_LOOP_9_12_fu_1093    |admm_Pipeline_VITIS_LOOP_9_12    |        5|   536870916|  50.000 ns|   5.369 sec|    2|   536870913|  loop auto-rewind stp (delay=0 clock cycles(s))|
        |grp_admm_Pipeline_VITIS_LOOP_523_4_fu_1101   |admm_Pipeline_VITIS_LOOP_523_4   |        ?|           ?|          ?|           ?|    0|           0|  loop auto-rewind stp (delay=0 clock cycles(s))|
        |grp_admm_Pipeline_VITIS_LOOP_529_5_fu_1110   |admm_Pipeline_VITIS_LOOP_529_5   |       19|           ?|   0.282 us|           ?|   18|           0|  loop auto-rewind stp (delay=0 clock cycles(s))|
        |grp_admm_Pipeline_VITIS_LOOP_28_13_fu_1125   |admm_Pipeline_VITIS_LOOP_28_13   |        5|   536870916|  50.000 ns|   5.369 sec|    2|   536870913|  loop auto-rewind stp (delay=0 clock cycles(s))|
        |grp_admm_Pipeline_VITIS_LOOP_28_14_fu_1133   |admm_Pipeline_VITIS_LOOP_28_14   |        5|   536870916|  50.000 ns|   5.369 sec|    2|   536870913|  loop auto-rewind stp (delay=0 clock cycles(s))|
        |grp_admm_Pipeline_VITIS_LOOP_546_6_fu_1141   |admm_Pipeline_VITIS_LOOP_546_6   |       30|   536870941|   0.300 us|   5.369 sec|    2|   536870913|  loop auto-rewind stp (delay=0 clock cycles(s))|
        |grp_admm_Pipeline_VITIS_LOOP_28_15_fu_1149   |admm_Pipeline_VITIS_LOOP_28_15   |        5|   536870916|  50.000 ns|   5.369 sec|    2|   536870913|  loop auto-rewind stp (delay=0 clock cycles(s))|
        |grp_admm_Pipeline_VITIS_LOOP_28_16_fu_1157   |admm_Pipeline_VITIS_LOOP_28_16   |        5|   536870916|  50.000 ns|   5.369 sec|    2|   536870913|  loop auto-rewind stp (delay=0 clock cycles(s))|
        |grp_admm_Pipeline_VITIS_LOOP_28_17_fu_1165   |admm_Pipeline_VITIS_LOOP_28_17   |        5|   536870916|  50.000 ns|   5.369 sec|    2|   536870913|  loop auto-rewind stp (delay=0 clock cycles(s))|
        |grp_admm_Pipeline_VITIS_LOOP_566_8_fu_1173   |admm_Pipeline_VITIS_LOOP_566_8   |       70|  4294967358|   0.700 us|  42.950 sec|   16|  4294967304|  loop auto-rewind stp (delay=0 clock cycles(s))|
        |grp_admm_Pipeline_VITIS_LOOP_28_18_fu_1185   |admm_Pipeline_VITIS_LOOP_28_18   |        5|   536870916|  50.000 ns|   5.369 sec|    2|   536870913|  loop auto-rewind stp (delay=0 clock cycles(s))|
        |grp_admm_Pipeline_VITIS_LOOP_607_10_fu_1193  |admm_Pipeline_VITIS_LOOP_607_10  |        ?|           ?|          ?|           ?|    0|           0|  loop auto-rewind stp (delay=0 clock cycles(s))|
        |grp_admm_Pipeline_VITIS_LOOP_613_11_fu_1202  |admm_Pipeline_VITIS_LOOP_613_11  |        ?|           ?|          ?|           ?|    0|           0|  loop auto-rewind stp (delay=0 clock cycles(s))|
        +---------------------------------------------+---------------------------------+---------+------------+-----------+------------+-----+------------+------------------------------------------------+

        * Loop: 
        +---------------------+---------+---------+----------+-----------+-----------+------+----------+
        |                     |  Latency (cycles) | Iteration|  Initiation Interval  | Trip |          |
        |      Loop Name      |   min   |   max   |  Latency |  achieved |   target  | Count| Pipelined|
        +---------------------+---------+---------+----------+-----------+-----------+------+----------+
        |- VITIS_LOOP_490_3   |        ?|        ?|         ?|          -|          -|     ?|        no|
        | + VITIS_LOOP_213_6  |        ?|        ?|         ?|          -|          -|     ?|        no|
        +---------------------+---------+---------+----------+-----------+-----------+------+----------+



================================================================
== Utilization Estimates
================================================================
* Summary: 
+-----------------+---------+------+--------+--------+-----+
|       Name      | BRAM_18K|  DSP |   FF   |   LUT  | URAM|
+-----------------+---------+------+--------+--------+-----+
|DSP              |        -|     -|       -|       -|    -|
|Expression       |        -|     -|       0|    1917|    -|
|FIFO             |        -|     -|       -|       -|    -|
|Instance         |      478|   216|  102153|  130296|    0|
|Memory           |        -|     -|       0|       0|   72|
|Multiplexer      |        -|     -|       0|    7474|    -|
|Register         |        -|     -|    3524|       -|    -|
+-----------------+---------+------+--------+--------+-----+
|Total            |      478|   216|  105677|  139687|   72|
+-----------------+---------+------+--------+--------+-----+
|Available        |      624|  1728|  460800|  230400|   96|
+-----------------+---------+------+--------+--------+-----+
|Utilization (%)  |       76|    12|      22|      60|   75|
+-----------------+---------+------+--------+--------+-----+

+ Detail: 
    * Instance: 
    +---------------------------------------------+------------------------------------+---------+-----+-------+-------+-----+
    |                   Instance                  |               Module               | BRAM_18K| DSP |   FF  |  LUT  | URAM|
    +---------------------------------------------+------------------------------------+---------+-----+-------+-------+-----+
    |grp_admm_Pipeline_VITIS_LOOP_149_1_fu_1010   |admm_Pipeline_VITIS_LOOP_149_1      |        0|    0|   5332|   4607|    0|
    |grp_admm_Pipeline_VITIS_LOOP_170_1_fu_980    |admm_Pipeline_VITIS_LOOP_170_1      |        0|    0|    352|    808|    0|
    |grp_admm_Pipeline_VITIS_LOOP_170_3_fu_1018   |admm_Pipeline_VITIS_LOOP_170_3      |        0|    0|   4918|   5055|    0|
    |grp_admm_Pipeline_VITIS_LOOP_177_2_fu_989    |admm_Pipeline_VITIS_LOOP_177_2      |        0|    0|    503|    823|    0|
    |grp_admm_Pipeline_VITIS_LOOP_185_5_fu_1028   |admm_Pipeline_VITIS_LOOP_185_5      |        0|    0|    132|   1058|    0|
    |grp_admm_Pipeline_VITIS_LOOP_231_7_fu_1053   |admm_Pipeline_VITIS_LOOP_231_7      |        0|    0|   5332|   4607|    0|
    |grp_admm_Pipeline_VITIS_LOOP_252_9_fu_1061   |admm_Pipeline_VITIS_LOOP_252_9      |        0|    0|   4918|   5055|    0|
    |grp_admm_Pipeline_VITIS_LOOP_274_11_fu_1071  |admm_Pipeline_VITIS_LOOP_274_11     |        0|    0|   4834|   3030|    0|
    |grp_admm_Pipeline_VITIS_LOOP_28_1_fu_903     |admm_Pipeline_VITIS_LOOP_28_1       |        0|    0|    723|    972|    0|
    |grp_admm_Pipeline_VITIS_LOOP_28_11_fu_1002   |admm_Pipeline_VITIS_LOOP_28_11      |        0|    0|    840|    969|    0|
    |grp_admm_Pipeline_VITIS_LOOP_28_13_fu_1125   |admm_Pipeline_VITIS_LOOP_28_13      |        0|    0|    840|    969|    0|
    |grp_admm_Pipeline_VITIS_LOOP_28_14_fu_1133   |admm_Pipeline_VITIS_LOOP_28_14      |        0|    0|    840|    976|    0|
    |grp_admm_Pipeline_VITIS_LOOP_28_15_fu_1149   |admm_Pipeline_VITIS_LOOP_28_15      |        0|    0|    840|    976|    0|
    |grp_admm_Pipeline_VITIS_LOOP_28_16_fu_1157   |admm_Pipeline_VITIS_LOOP_28_16      |        0|    0|    840|    976|    0|
    |grp_admm_Pipeline_VITIS_LOOP_28_17_fu_1165   |admm_Pipeline_VITIS_LOOP_28_17      |        0|    0|    840|    976|    0|
    |grp_admm_Pipeline_VITIS_LOOP_28_18_fu_1185   |admm_Pipeline_VITIS_LOOP_28_18      |        0|    0|    840|    976|    0|
    |grp_admm_Pipeline_VITIS_LOOP_306_13_fu_1084  |admm_Pipeline_VITIS_LOOP_306_13     |        0|    0|   4054|   4863|    0|
    |grp_admm_Pipeline_VITIS_LOOP_459_1_fu_889    |admm_Pipeline_VITIS_LOOP_459_1      |        0|    0|     99|    527|    0|
    |grp_admm_Pipeline_VITIS_LOOP_472_2_fu_913    |admm_Pipeline_VITIS_LOOP_472_2      |        0|    0|    806|   1622|    0|
    |grp_admm_Pipeline_VITIS_LOOP_523_4_fu_1101   |admm_Pipeline_VITIS_LOOP_523_4      |        0|    0|     56|    684|    0|
    |grp_admm_Pipeline_VITIS_LOOP_529_5_fu_1110   |admm_Pipeline_VITIS_LOOP_529_5      |        0|    0|    458|   1871|    0|
    |grp_admm_Pipeline_VITIS_LOOP_546_6_fu_1141   |admm_Pipeline_VITIS_LOOP_546_6      |        0|    0|   3628|   4831|    0|
    |grp_admm_Pipeline_VITIS_LOOP_566_8_fu_1173   |admm_Pipeline_VITIS_LOOP_566_8      |        0|    0|   2368|   1672|    0|
    |grp_admm_Pipeline_VITIS_LOOP_607_10_fu_1193  |admm_Pipeline_VITIS_LOOP_607_10     |        0|    0|     71|    194|    0|
    |grp_admm_Pipeline_VITIS_LOOP_613_11_fu_1202  |admm_Pipeline_VITIS_LOOP_613_11     |        0|    0|     71|    194|    0|
    |grp_admm_Pipeline_VITIS_LOOP_9_1_fu_1045     |admm_Pipeline_VITIS_LOOP_9_1        |        0|    0|    840|    976|    0|
    |grp_admm_Pipeline_VITIS_LOOP_9_12_fu_1093    |admm_Pipeline_VITIS_LOOP_9_12       |        0|    0|    840|    976|    0|
    |grp_apply_new_rho_fu_970                     |apply_new_rho                       |        0|    0|   6320|   6927|    0|
    |control_r_s_axi_U                            |control_r_s_axi                     |        0|    0|   1150|   2088|    0|
    |control_s_axi_U                              |control_s_axi                       |        0|    0|    651|   1066|    0|
    |dcmp_64ns_64ns_1_2_no_dsp_1_U1420            |dcmp_64ns_64ns_1_2_no_dsp_1         |        0|    0|      0|      0|    0|
    |grp_dot_prod_fu_1038                         |dot_prod                            |        0|   20|   2664|   2847|    0|
    |fadd_32ns_32ns_32_4_full_dsp_1_U1434         |fadd_32ns_32ns_32_4_full_dsp_1      |        0|    2|    227|    214|    0|
    |fadd_32ns_32ns_32_4_full_dsp_1_U1435         |fadd_32ns_32ns_32_4_full_dsp_1      |        0|    2|    227|    214|    0|
    |fadd_32ns_32ns_32_4_full_dsp_1_U1436         |fadd_32ns_32ns_32_4_full_dsp_1      |        0|    2|    227|    214|    0|
    |fadd_32ns_32ns_32_4_full_dsp_1_U1437         |fadd_32ns_32ns_32_4_full_dsp_1      |        0|    2|    227|    214|    0|
    |fadd_32ns_32ns_32_4_full_dsp_1_U1438         |fadd_32ns_32ns_32_4_full_dsp_1      |        0|    2|    227|    214|    0|
    |fadd_32ns_32ns_32_4_full_dsp_1_U1439         |fadd_32ns_32ns_32_4_full_dsp_1      |        0|    2|    227|    214|    0|
    |fadd_32ns_32ns_32_4_full_dsp_1_U1440         |fadd_32ns_32ns_32_4_full_dsp_1      |        0|    2|    227|    214|    0|
    |fadd_32ns_32ns_32_4_full_dsp_1_U1441         |fadd_32ns_32ns_32_4_full_dsp_1      |        0|    2|    227|    214|    0|
    |faddfsub_32ns_32ns_32_4_full_dsp_1_U1411     |faddfsub_32ns_32ns_32_4_full_dsp_1  |        0|    2|    227|    214|    0|
    |faddfsub_32ns_32ns_32_4_full_dsp_1_U1412     |faddfsub_32ns_32ns_32_4_full_dsp_1  |        0|    2|    227|    214|    0|
    |faddfsub_32ns_32ns_32_4_full_dsp_1_U1428     |faddfsub_32ns_32ns_32_4_full_dsp_1  |        0|    2|    227|    214|    0|
    |faddfsub_32ns_32ns_32_4_full_dsp_1_U1429     |faddfsub_32ns_32ns_32_4_full_dsp_1  |        0|    2|    227|    214|    0|
    |faddfsub_32ns_32ns_32_4_full_dsp_1_U1430     |faddfsub_32ns_32ns_32_4_full_dsp_1  |        0|    2|    227|    214|    0|
    |faddfsub_32ns_32ns_32_4_full_dsp_1_U1431     |faddfsub_32ns_32ns_32_4_full_dsp_1  |        0|    2|    227|    214|    0|
    |faddfsub_32ns_32ns_32_4_full_dsp_1_U1432     |faddfsub_32ns_32ns_32_4_full_dsp_1  |        0|    2|    227|    214|    0|
    |faddfsub_32ns_32ns_32_4_full_dsp_1_U1433     |faddfsub_32ns_32ns_32_4_full_dsp_1  |        0|    2|    227|    214|    0|
    |fcmp_32ns_32ns_1_2_no_dsp_1_U1417            |fcmp_32ns_32ns_1_2_no_dsp_1         |        0|    0|      0|      0|    0|
    |fcmp_32ns_32ns_1_2_no_dsp_1_U1418            |fcmp_32ns_32ns_1_2_no_dsp_1         |        0|    0|      0|      0|    0|
    |fdiv_32ns_32ns_32_8_no_dsp_1_U1415           |fdiv_32ns_32ns_32_8_no_dsp_1        |        0|    0|      0|      0|    0|
    |grp_fmax_fu_947                              |fmax                                |        0|    0|      0|    285|    0|
    |tmp_269_fmax_fu_956                          |fmax                                |        0|    0|      0|    285|    0|
    |max_dual_fmax_fu_963                         |fmax                                |        0|    0|      0|    285|    0|
    |local_max_3_fmax_fu_3264                     |fmax                                |        0|    0|      0|    285|    0|
    |local_max_5_fmax_fu_3269                     |fmax                                |        0|    0|      0|    285|    0|
    |local_max_7_fmax_fu_3274                     |fmax                                |        0|    0|      0|    285|    0|
    |local_max_9_fmax_fu_3279                     |fmax                                |        0|    0|      0|    285|    0|
    |local_max_fmax_fu_3284                       |fmax                                |        0|    0|      0|    285|    0|
    |fmul_32ns_32ns_32_2_max_dsp_1_U1413          |fmul_32ns_32ns_32_2_max_dsp_1       |        0|    3|    128|    135|    0|
    |fmul_32ns_32ns_32_2_max_dsp_1_U1414          |fmul_32ns_32ns_32_2_max_dsp_1       |        0|    3|    128|    135|    0|
    |fmul_32ns_32ns_32_2_max_dsp_1_U1421          |fmul_32ns_32ns_32_2_max_dsp_1       |        0|    3|    128|    135|    0|
    |fmul_32ns_32ns_32_2_max_dsp_1_U1422          |fmul_32ns_32ns_32_2_max_dsp_1       |        0|    3|    128|    135|    0|
    |fmul_32ns_32ns_32_2_max_dsp_1_U1423          |fmul_32ns_32ns_32_2_max_dsp_1       |        0|    3|    128|    135|    0|
    |fmul_32ns_32ns_32_2_max_dsp_1_U1424          |fmul_32ns_32ns_32_2_max_dsp_1       |        0|    3|    128|    135|    0|
    |fmul_32ns_32ns_32_2_max_dsp_1_U1425          |fmul_32ns_32ns_32_2_max_dsp_1       |        0|    3|    128|    135|    0|
    |fmul_32ns_32ns_32_2_max_dsp_1_U1426          |fmul_32ns_32ns_32_2_max_dsp_1       |        0|    3|    128|    135|    0|
    |fmul_32ns_32ns_32_2_max_dsp_1_U1427          |fmul_32ns_32ns_32_2_max_dsp_1       |        0|    3|    128|    135|    0|
    |fpext_32ns_64_2_no_dsp_1_U1416               |fpext_32ns_64_2_no_dsp_1            |        0|    0|      0|      0|    0|
    |fsqrt_32ns_32ns_32_7_no_dsp_1_U1419          |fsqrt_32ns_32ns_32_7_no_dsp_1       |        0|    0|      0|      0|    0|
    |gmem0_m_axi_U                                |gmem0_m_axi                         |       29|    0|   1574|   1642|    0|
    |gmem1_m_axi_U                                |gmem1_m_axi                         |        2|    0|    671|    637|    0|
    |gmem2_m_axi_U                                |gmem2_m_axi                         |       29|    0|   1574|   1642|    0|
    |gmem3_m_axi_U                                |gmem3_m_axi                         |        4|    0|    824|    682|    0|
    |grp_spmv_csc_fu_820                          |spmv_csc                            |      414|  132|  32516|  49376|    0|
    |grp_update_preconditioner_fu_929             |update_preconditioner               |        0|    5|   3210|   5227|    0|
    +---------------------------------------------+------------------------------------+---------+-----+-------+-------+-----+
    |Total                                        |                                    |      478|  216| 102153| 130296|    0|
    +---------------------------------------------+------------------------------------+---------+-----+-------+-------+-----+

    * DSP: 
    N/A

    * Memory: 
    +-----------+-------------------------+---------+---+----+-----+-------+-----+------+-------------+
    |   Memory  |          Module         | BRAM_18K| FF| LUT| URAM| Words | Bits| Banks| W*Bits*Banks|
    +-----------+-------------------------+---------+---+----+-----+-------+-----+------+-------------+
    |M_inv_U    |M_inv_RAM_T2P_URAM_1R1W  |        0|  0|   0|    4|   4096|  256|     1|      1048576|
    |x_U        |M_inv_RAM_T2P_URAM_1R1W  |        0|  0|   0|    4|   4096|  256|     1|      1048576|
    |z_U        |M_inv_RAM_T2P_URAM_1R1W  |        0|  0|   0|    4|   4096|  256|     1|      1048576|
    |l_U        |l_RAM_T2P_URAM_1R1W      |        0|  0|   0|    8|  32768|   32|     1|      1048576|
    |u_U        |l_RAM_T2P_URAM_1R1W      |        0|  0|   0|    8|  32768|   32|     1|      1048576|
    |p_U        |p_RAM_T2P_URAM_1R1W      |        0|  0|   0|    4|   4096|  256|     1|      1048576|
    |q_U        |q_RAM_T2P_URAM_1R1W      |        0|  0|   0|    2|   8192|   32|     1|       262144|
    |q_1_U      |q_RAM_T2P_URAM_1R1W      |        0|  0|   0|    2|   8192|   32|     1|       262144|
    |q_2_U      |q_RAM_T2P_URAM_1R1W      |        0|  0|   0|    2|   8192|   32|     1|       262144|
    |q_3_U      |q_RAM_T2P_URAM_1R1W      |        0|  0|   0|    2|   8192|   32|     1|       262144|
    |r_U        |r_RAM_T2P_URAM_1R1W      |        0|  0|   0|    4|   4096|  256|     1|      1048576|
    |b_U        |r_RAM_T2P_URAM_1R1W      |        0|  0|   0|    4|   4096|  256|     1|      1048576|
    |x_tilde_U  |r_RAM_T2P_URAM_1R1W      |        0|  0|   0|    4|   4096|  256|     1|      1048576|
    |y_U        |r_RAM_T2P_URAM_1R1W      |        0|  0|   0|    4|   4096|  256|     1|      1048576|
    |rho_U      |r_RAM_T2P_URAM_1R1W      |        0|  0|   0|    4|   4096|  256|     1|      1048576|
    |tmp1_U     |r_RAM_T2P_URAM_1R1W      |        0|  0|   0|    4|   4096|  256|     1|      1048576|
    |tmp2_U     |r_RAM_T2P_URAM_1R1W      |        0|  0|   0|    4|   4096|  256|     1|      1048576|
    |rho_inv_U  |r_RAM_T2P_URAM_1R1W      |        0|  0|   0|    4|   4096|  256|     1|      1048576|
    +-----------+-------------------------+---------+---+----+-----+-------+-----+------+-------------+
    |Total      |                         |        0|  0|   0|   72| 147456| 3264|    18|     15728640|
    +-----------+-------------------------+---------+---+----+-----+-------+-----+------+-------------+

    * FIFO: 
    N/A

    * Expression: 
    +--------------------------------------+----------+----+---+----+------------+------------+
    |             Variable Name            | Operation| DSP| FF| LUT| Bitwidth P0| Bitwidth P1|
    +--------------------------------------+----------+----+---+----+------------+------------+
    |add_ln130_fu_1753_p2                  |         +|   0|  0|  39|          32|           1|
    |add_ln446_1_fu_2377_p2                |         +|   0|  0|  38|          31|           1|
    |add_ln446_fu_2357_p2                  |         +|   0|  0|  38|          31|           1|
    |iter_count_fu_2056_p2                 |         +|   0|  0|  38|          31|           1|
    |num_iterations_fu_1497_p2             |         +|   0|  0|  38|          31|           1|
    |total_pcg_iterations_1_fu_2150_p2     |         +|   0|  0|  39|          32|          32|
    |and_ln155_fu_1849_p2                  |       and|   0|  0|   2|           1|           1|
    |and_ln158_1_fu_1934_p2                |       and|   0|  0|   2|           1|           1|
    |and_ln158_2_fu_1940_p2                |       and|   0|  0|   2|           1|           1|
    |and_ln158_fu_1946_p2                  |       and|   0|  0|   2|           1|           1|
    |and_ln213_1_fu_2039_p2                |       and|   0|  0|   2|           1|           1|
    |and_ln213_2_fu_2044_p2                |       and|   0|  0|   2|           1|           1|
    |and_ln213_fu_2050_p2                  |       and|   0|  0|   2|           1|           1|
    |and_ln267_fu_2097_p2                  |       and|   0|  0|   2|           1|           1|
    |and_ln298_fu_2138_p2                  |       and|   0|  0|   2|           1|           1|
    |and_ln48_16_fu_1565_p2                |       and|   0|  0|   2|           1|           1|
    |and_ln48_fu_1559_p2                   |       and|   0|  0|   2|           1|           1|
    |and_ln493_1_fu_1491_p2                |       and|   0|  0|   2|           1|           1|
    |and_ln493_fu_1486_p2                  |       and|   0|  0|   2|           1|           1|
    |and_ln505_1_fu_1699_p2                |       and|   0|  0|   2|           1|           1|
    |and_ln505_2_fu_1709_p2                |       and|   0|  0|   2|           1|           1|
    |and_ln505_3_fu_1715_p2                |       and|   0|  0|   2|           1|           1|
    |and_ln505_fu_1693_p2                  |       and|   0|  0|   2|           1|           1|
    |and_ln582_fu_2168_p2                  |       and|   0|  0|   2|           1|           1|
    |and_ln589_1_fu_2288_p2                |       and|   0|  0|   2|           1|           1|
    |and_ln589_2_fu_2294_p2                |       and|   0|  0|   2|           1|           1|
    |and_ln589_3_fu_2339_p2                |       and|   0|  0|   2|           1|           1|
    |and_ln589_4_fu_2345_p2                |       and|   0|  0|   2|           1|           1|
    |and_ln589_fu_2351_p2                  |       and|   0|  0|   2|           1|           1|
    |ap_block_state55_on_subcall_done      |       and|   0|  0|   2|           1|           1|
    |ap_predicate_op524_call_state55       |       and|   0|  0|   2|           1|           1|
    |icmp_ln129_fu_1747_p2                 |      icmp|   0|  0|  38|          31|           1|
    |icmp_ln136_fu_1767_p2                 |      icmp|   0|  0|  39|          32|           3|
    |icmp_ln143_fu_1735_p2                 |      icmp|   0|  0|  38|          31|           1|
    |icmp_ln155_1_fu_1835_p2               |      icmp|   0|  0|  59|          52|           1|
    |icmp_ln155_fu_1829_p2                 |      icmp|   0|  0|  18|          11|           2|
    |icmp_ln158_1_fu_1904_p2               |      icmp|   0|  0|  30|          23|           1|
    |icmp_ln158_2_fu_1916_p2               |      icmp|   0|  0|  15|           8|           2|
    |icmp_ln158_3_fu_1922_p2               |      icmp|   0|  0|  30|          23|           1|
    |icmp_ln158_fu_1898_p2                 |      icmp|   0|  0|  15|           8|           2|
    |icmp_ln213_1_fu_2014_p2               |      icmp|   0|  0|  15|           8|           2|
    |icmp_ln213_2_fu_2020_p2               |      icmp|   0|  0|  30|          23|           1|
    |icmp_ln213_3_fu_1978_p2               |      icmp|   0|  0|  15|           8|           2|
    |icmp_ln213_4_fu_1984_p2               |      icmp|   0|  0|  30|          23|           1|
    |icmp_ln213_fu_2030_p2                 |      icmp|   0|  0|  39|          32|          32|
    |icmp_ln267_1_fu_2085_p2               |      icmp|   0|  0|  30|          23|           1|
    |icmp_ln267_fu_2079_p2                 |      icmp|   0|  0|  15|           8|           2|
    |icmp_ln298_1_fu_2126_p2               |      icmp|   0|  0|  30|          23|           1|
    |icmp_ln298_fu_2120_p2                 |      icmp|   0|  0|  15|           8|           2|
    |icmp_ln446_1_fu_2382_p2               |      icmp|   0|  0|  38|          31|           6|
    |icmp_ln446_fu_2363_p2                 |      icmp|   0|  0|  38|          31|           3|
    |icmp_ln459_fu_1330_p2                 |      icmp|   0|  0|  39|          32|           1|
    |icmp_ln472_fu_1462_p2                 |      icmp|   0|  0|  39|          32|           1|
    |icmp_ln48_16_fu_1547_p2               |      icmp|   0|  0|  30|          23|           1|
    |icmp_ln48_fu_1541_p2                  |      icmp|   0|  0|  15|           8|           2|
    |icmp_ln493_1_fu_1480_p2               |      icmp|   0|  0|  13|           6|           1|
    |icmp_ln493_fu_1470_p2                 |      icmp|   0|  0|  38|          31|           1|
    |icmp_ln505_1_fu_1677_p2               |      icmp|   0|  0|  30|          23|           1|
    |icmp_ln505_2_fu_1612_p2               |      icmp|   0|  0|  15|           8|           2|
    |icmp_ln505_3_fu_1618_p2               |      icmp|   0|  0|  30|          23|           1|
    |icmp_ln505_4_fu_1642_p2               |      icmp|   0|  0|  15|           8|           2|
    |icmp_ln505_5_fu_1648_p2               |      icmp|   0|  0|  30|          23|           1|
    |icmp_ln505_fu_1671_p2                 |      icmp|   0|  0|  15|           8|           2|
    |icmp_ln582_fu_2162_p2                 |      icmp|   0|  0|  10|           3|           1|
    |icmp_ln589_1_fu_2272_p2               |      icmp|   0|  0|  30|          23|           1|
    |icmp_ln589_2_fu_2208_p2               |      icmp|   0|  0|  15|           8|           2|
    |icmp_ln589_3_fu_2214_p2               |      icmp|   0|  0|  30|          23|           1|
    |icmp_ln589_4_fu_2317_p2               |      icmp|   0|  0|  15|           8|           2|
    |icmp_ln589_5_fu_2323_p2               |      icmp|   0|  0|  30|          23|           1|
    |icmp_ln589_6_fu_2237_p2               |      icmp|   0|  0|  15|           8|           2|
    |icmp_ln589_7_fu_2243_p2               |      icmp|   0|  0|  30|          23|           1|
    |icmp_ln589_fu_2266_p2                 |      icmp|   0|  0|  15|           8|           2|
    |icmp_ln596_fu_2398_p2                 |      icmp|   0|  0|  39|          32|          32|
    |icmp_ln603_fu_2502_p2                 |      icmp|   0|  0|  39|          32|          32|
    |ap_block_state118_on_subcall_done     |        or|   0|  0|   2|           1|           1|
    |ap_block_state138_on_subcall_done     |        or|   0|  0|   2|           1|           1|
    |ap_condition_3506                     |        or|   0|  0|   2|           1|           1|
    |or_ln155_fu_1845_p2                   |        or|   0|  0|   2|           1|           1|
    |or_ln158_1_fu_1928_p2                 |        or|   0|  0|   2|           1|           1|
    |or_ln158_fu_1910_p2                   |        or|   0|  0|   2|           1|           1|
    |or_ln213_1_fu_1990_p2                 |        or|   0|  0|   2|           1|           1|
    |or_ln213_fu_2035_p2                   |        or|   0|  0|   2|           1|           1|
    |or_ln267_fu_2091_p2                   |        or|   0|  0|   2|           1|           1|
    |or_ln298_fu_2132_p2                   |        or|   0|  0|   2|           1|           1|
    |or_ln48_16_fu_1553_p2                 |        or|   0|  0|   2|           1|           1|
    |or_ln48_fu_1579_p2                    |        or|   0|  0|   2|           1|           1|
    |or_ln505_1_fu_1683_p2                 |        or|   0|  0|   2|           1|           1|
    |or_ln505_2_fu_1689_p2                 |        or|   0|  0|   2|           1|           1|
    |or_ln505_3_fu_1705_p2                 |        or|   0|  0|   2|           1|           1|
    |or_ln505_fu_1721_p2                   |        or|   0|  0|   2|           1|           1|
    |or_ln589_1_fu_2284_p2                 |        or|   0|  0|   2|           1|           1|
    |or_ln589_2_fu_2329_p2                 |        or|   0|  0|   2|           1|           1|
    |or_ln589_3_fu_2335_p2                 |        or|   0|  0|   2|           1|           1|
    |or_ln589_fu_2278_p2                   |        or|   0|  0|   2|           1|           1|
    |empty_205_fu_2468_p3                  |    select|   0|  0|  31|           1|          31|
    |empty_208_fu_2483_p3                  |    select|   0|  0|  31|           1|          31|
    |eps_new_2_v_fu_1804_p3                |    select|   0|  0|  32|           1|          32|
    |eps_new_3_fu_1855_p3                  |    select|   0|  0|  32|           1|          30|
    |eps_new_5_fu_1951_p3                  |    select|   0|  0|  32|           1|          32|
    |pcg_tol_fraction_assign_2_fu_1798_p3  |    select|   0|  0|  32|           1|          32|
    |rho_base_new_2_fu_1585_p3             |    select|   0|  0|  32|           1|          32|
    |select_ln136_1_fu_1792_p3             |    select|   0|  0|  32|           1|          32|
    |select_ln446_1_fu_2387_p3             |    select|   0|  0|  31|           1|           1|
    |select_ln446_fu_2369_p3               |    select|   0|  0|  31|           1|           1|
    |select_ln48_fu_1571_p3                |    select|   0|  0|  31|           1|          30|
    |zero_pcg_iters_1_fu_1759_p3           |    select|   0|  0|  32|           1|          32|
    |zero_pcg_iters_2_fu_1781_p3           |    select|   0|  0|  32|           1|          32|
    |zero_pcg_iters_3_fu_1773_p3           |    select|   0|  0|  32|           1|           1|
    +--------------------------------------+----------+----+---+----+------------+------------+
    |Total                                 |          |   0|  0|1917|        1100|         591|
    +--------------------------------------+----------+----+---+----+------------+------------+

    * Multiplexer: 
    +--------------------------------+-----+-----------+-----+-----------+
    |              Name              | LUT | Input Size| Bits| Total Bits|
    +--------------------------------+-----+-----------+-----+-----------+
    |ATy_norm_fu_468                 |    9|          2|   32|         64|
    |Ax_norm_fu_460                  |    9|          2|   32|         64|
    |M_inv_address0                  |   20|          4|   12|         48|
    |M_inv_ce0                       |   20|          4|    1|          4|
    |M_inv_we0                       |    9|          2|   32|         64|
    |Px_norm_fu_464                  |    9|          2|   32|         64|
    |ap_NS_fsm                       |  893|        169|    1|        169|
    |b_address0                      |   43|          8|   12|         96|
    |b_address1                      |   14|          3|   12|         36|
    |b_ce0                           |   43|          8|    1|          8|
    |b_ce1                           |   14|          3|    1|          3|
    |b_d0                            |   20|          4|  256|       1024|
    |b_we0                           |   20|          4|   32|        128|
    |b_we1                           |    9|          2|   32|         64|
    |current_rho_base_assign_fu_504  |    9|          2|   32|         64|
    |eps_new_2_fu_492                |    9|          2|   32|         64|
    |gmem0_0_ARADDR                  |   14|          3|   64|        192|
    |gmem0_0_ARLEN                   |   14|          3|   32|         96|
    |gmem0_0_ARVALID                 |   14|          3|    1|          3|
    |gmem0_0_RREADY                  |   14|          3|    1|          3|
    |gmem1_0_ARADDR                  |   14|          3|   64|        192|
    |gmem1_0_ARLEN                   |   14|          3|   32|         96|
    |gmem1_0_ARVALID                 |   14|          3|    1|          3|
    |gmem1_0_RREADY                  |   14|          3|    1|          3|
    |gmem2_0_ARADDR                  |   14|          3|   64|        192|
    |gmem2_0_ARLEN                   |   14|          3|   32|         96|
    |gmem2_0_ARVALID                 |   14|          3|    1|          3|
    |gmem2_0_RREADY                  |   14|          3|    1|          3|
    |gmem3_0_ARADDR                  |   20|          4|   64|        256|
    |gmem3_0_ARLEN                   |   20|          4|   32|        128|
    |gmem3_0_ARVALID                 |   20|          4|    1|          4|
    |gmem3_0_AWADDR                  |   26|          5|   64|        320|
    |gmem3_0_AWLEN                   |   26|          5|   32|        160|
    |gmem3_0_AWVALID                 |   20|          4|    1|          4|
    |gmem3_0_BREADY                  |   20|          4|    1|          4|
    |gmem3_0_RREADY                  |   14|          3|    1|          3|
    |gmem3_0_WDATA                   |   14|          3|   32|         96|
    |gmem3_0_WSTRB                   |   14|          3|    4|         12|
    |gmem3_0_WVALID                  |   14|          3|    1|          3|
    |gmem3_blk_n_AR                  |    9|          2|    1|          2|
    |gmem3_blk_n_AW                  |    9|          2|    1|          2|
    |gmem3_blk_n_B                   |    9|          2|    1|          2|
    |grp_dot_prod_fu_1038_x_q0       |   14|          3|  256|        768|
    |grp_dot_prod_fu_1038_y_q0       |   14|          3|  256|        768|
    |grp_fmax_fu_947_x               |   65|         16|   32|        512|
    |grp_fmax_fu_947_y               |   65|         16|   32|        512|
    |grp_fu_1211_ce                  |   65|         13|    1|         13|
    |grp_fu_1211_opcode              |   65|         14|    2|         28|
    |grp_fu_1211_p0                  |   65|         15|   32|        480|
    |grp_fu_1211_p1                  |   65|         15|   32|        480|
    |grp_fu_1218_ce                  |   43|          8|    1|          8|
    |grp_fu_1218_opcode              |   49|          9|    2|         18|
    |grp_fu_1218_p0                  |   49|          9|   32|        288|
    |grp_fu_1218_p1                  |   49|          9|   32|        288|
    |grp_fu_1222_p0                  |   31|          6|   32|        192|
    |grp_fu_1222_p1                  |   37|          7|   32|        224|
    |grp_fu_1227_ce                  |   65|         13|    1|         13|
    |grp_fu_1227_p0                  |   65|         15|   32|        480|
    |grp_fu_1227_p1                  |   65|         15|   32|        480|
    |grp_fu_1233_ce                  |   14|          3|    1|          3|
    |grp_fu_1233_p0                  |   43|          8|   32|        256|
    |grp_fu_1233_p1                  |   43|          8|   32|        256|
    |grp_fu_1242_ce                  |   20|          4|    1|          4|
    |grp_fu_1242_opcode              |   31|          6|    5|         30|
    |grp_fu_1242_p0                  |   54|         10|   32|        320|
    |grp_fu_1242_p1                  |   49|          9|   32|        288|
    |grp_fu_1247_ce                  |   14|          3|    1|          3|
    |grp_fu_1247_opcode              |   31|          6|    5|         30|
    |grp_fu_1247_p0                  |   31|          6|   32|        192|
    |grp_fu_1247_p1                  |   31|          6|   32|        192|
    |grp_fu_1254_p1                  |   14|          3|   32|         96|
    |grp_fu_3289_ce                  |   49|          9|    1|          9|
    |grp_fu_3289_p0                  |   49|          9|   32|        288|
    |grp_fu_3289_p1                  |   49|          9|   32|        288|
    |grp_fu_3293_ce                  |   37|          7|    1|          7|
    |grp_fu_3293_p0                  |   37|          7|   32|        224|
    |grp_fu_3293_p1                  |   37|          7|   32|        224|
    |grp_fu_3297_ce                  |   31|          6|    1|          6|
    |grp_fu_3297_p0                  |   31|          6|   32|        192|
    |grp_fu_3297_p1                  |   31|          6|   32|        192|
    |grp_fu_3301_ce                  |   31|          6|    1|          6|
    |grp_fu_3301_p0                  |   31|          6|   32|        192|
    |grp_fu_3301_p1                  |   31|          6|   32|        192|
    |grp_fu_3305_ce                  |   31|          6|    1|          6|
    |grp_fu_3305_p0                  |   31|          6|   32|        192|
    |grp_fu_3305_p1                  |   31|          6|   32|        192|
    |grp_fu_3309_ce                  |   31|          6|    1|          6|
    |grp_fu_3309_p0                  |   31|          6|   32|        192|
    |grp_fu_3309_p1                  |   31|          6|   32|        192|
    |grp_fu_3313_ce                  |   31|          6|    1|          6|
    |grp_fu_3313_p0                  |   31|          6|   32|        192|
    |grp_fu_3313_p1                  |   31|          6|   32|        192|
    |grp_fu_3317_ce                  |   26|          5|    1|          5|
    |grp_fu_3317_opcode              |   26|          5|    2|         10|
    |grp_fu_3317_p0                  |   26|          5|   32|        160|
    |grp_fu_3317_p1                  |   26|          5|   32|        160|
    |grp_fu_3321_ce                  |   26|          5|    1|          5|
    |grp_fu_3321_opcode              |   26|          5|    2|         10|
    |grp_fu_3321_p0                  |   26|          5|   32|        160|
    |grp_fu_3321_p1                  |   26|          5|   32|        160|
    |grp_fu_3325_ce                  |   26|          5|    1|          5|
    |grp_fu_3325_opcode              |   26|          5|    2|         10|
    |grp_fu_3325_p0                  |   26|          5|   32|        160|
    |grp_fu_3325_p1                  |   26|          5|   32|        160|
    |grp_fu_3329_ce                  |   26|          5|    1|          5|
    |grp_fu_3329_opcode              |   26|          5|    2|         10|
    |grp_fu_3329_p0                  |   26|          5|   32|        160|
    |grp_fu_3329_p1                  |   26|          5|   32|        160|
    |grp_fu_3333_ce                  |   26|          5|    1|          5|
    |grp_fu_3333_opcode              |   26|          5|    2|         10|
    |grp_fu_3333_p0                  |   26|          5|   32|        160|
    |grp_fu_3333_p1                  |   26|          5|   32|        160|
    |grp_fu_3337_ce                  |   26|          5|    1|          5|
    |grp_fu_3337_opcode              |   26|          5|    2|         10|
    |grp_fu_3337_p0                  |   26|          5|   32|        160|
    |grp_fu_3337_p1                  |   26|          5|   32|        160|
    |grp_fu_3341_ce                  |   14|          3|    1|          3|
    |grp_fu_3341_p0                  |   14|          3|   32|         96|
    |grp_fu_3341_p1                  |   14|          3|   32|         96|
    |grp_fu_3345_ce                  |   14|          3|    1|          3|
    |grp_fu_3345_p0                  |   14|          3|   32|         96|
    |grp_fu_3345_p1                  |   14|          3|   32|         96|
    |grp_fu_3349_ce                  |   14|          3|    1|          3|
    |grp_fu_3349_p0                  |   14|          3|   32|         96|
    |grp_fu_3349_p1                  |   14|          3|   32|         96|
    |grp_fu_3353_ce                  |   14|          3|    1|          3|
    |grp_fu_3353_p0                  |   14|          3|   32|         96|
    |grp_fu_3353_p1                  |   14|          3|   32|         96|
    |grp_fu_3357_ce                  |   14|          3|    1|          3|
    |grp_fu_3357_p0                  |   14|          3|   32|         96|
    |grp_fu_3357_p1                  |   14|          3|   32|         96|
    |grp_fu_3361_ce                  |   14|          3|    1|          3|
    |grp_fu_3361_p0                  |   14|          3|   32|         96|
    |grp_fu_3361_p1                  |   14|          3|   32|         96|
    |grp_fu_3365_ce                  |   14|          3|    1|          3|
    |grp_fu_3365_p0                  |   14|          3|   32|         96|
    |grp_fu_3365_p1                  |   14|          3|   32|         96|
    |grp_fu_3369_ce                  |   14|          3|    1|          3|
    |grp_fu_3369_p0                  |   14|          3|   32|         96|
    |grp_fu_3369_p1                  |   14|          3|   32|         96|
    |grp_spmv_csc_fu_820_A_col_ptr   |   20|          4|   64|        256|
    |grp_spmv_csc_fu_820_A_row_idx   |   20|          4|   64|        256|
    |grp_spmv_csc_fu_820_A_values    |   20|          4|   64|        256|
    |grp_spmv_csc_fu_820_nnz         |   14|          3|   32|         96|
    |grp_spmv_csc_fu_820_num_cols    |   14|          3|   32|         96|
    |grp_spmv_csc_fu_820_num_rows    |   14|          3|   32|         96|
    |grp_spmv_csc_fu_820_x_q0        |   31|          6|  256|       1536|
    |grp_spmv_csc_fu_820_y_q1        |   20|          4|  256|       1024|
    |k_1_reg_786                     |    9|          2|   31|         62|
    |l_address0                      |   14|          3|   15|         45|
    |l_ce0                           |   14|          3|    1|          3|
    |l_we0                           |    9|          2|    1|          2|
    |local_max_3_fmax_fu_3264_x      |   59|         11|   32|        352|
    |local_max_3_fmax_fu_3264_y      |   59|         11|   32|        352|
    |local_max_5_fmax_fu_3269_x      |   59|         11|   32|        352|
    |local_max_5_fmax_fu_3269_y      |   59|         11|   32|        352|
    |local_max_7_fmax_fu_3274_x      |   59|         11|   32|        352|
    |local_max_7_fmax_fu_3274_y      |   59|         11|   32|        352|
    |local_max_9_fmax_fu_3279_x      |   59|         11|   32|        352|
    |local_max_9_fmax_fu_3279_y      |   59|         11|   32|        352|
    |local_max_fmax_fu_3284_x        |   59|         11|   32|        352|
    |local_max_fmax_fu_3284_y        |   59|         11|   32|        352|
    |max_dual_fmax_fu_963_x          |   65|         12|   32|        384|
    |max_dual_fmax_fu_963_y          |   65|         12|   32|        384|
    |max_val_0_i65_lcssa_reg_798     |    9|          2|   32|         64|
    |max_val_0_i_i_lcssa_reg_755     |    9|          2|   32|         64|
    |max_val_0_i_lcssa_reg_731       |    9|          2|   32|         64|
    |norm_z_fu_472                   |    9|          2|   32|         64|
    |num_iterations_1_reg_810        |    9|          2|   31|         62|
    |num_iterations_2_reg_743        |    9|          2|   31|         62|
    |num_pcg_iterations_fu_496       |    9|          2|   31|         62|
    |p_address0                      |   37|          7|   12|         84|
    |p_ce0                           |   37|          7|    1|          7|
    |p_ce1                           |    9|          2|    1|          2|
    |p_d0                            |   14|          3|  256|        768|
    |p_we0                           |   14|          3|   32|         96|
    |pcg_tol_fraction_assign_fu_488  |    9|          2|   32|         64|
    |phi_urem1_fu_452                |    9|          2|   31|         62|
    |phi_urem_fu_456                 |    9|          2|   31|         62|
    |q_1_address0                    |   26|          5|   13|         65|
    |q_1_address1                    |   14|          3|   13|         39|
    |q_1_ce0                         |   26|          5|    1|          5|
    |q_1_ce1                         |   14|          3|    1|          3|
    |q_1_we0                         |    9|          2|    1|          2|
    |q_2_address0                    |   26|          5|   13|         65|
    |q_2_address1                    |   14|          3|   13|         39|
    |q_2_ce0                         |   26|          5|    1|          5|
    |q_2_ce1                         |   14|          3|    1|          3|
    |q_2_we0                         |    9|          2|    1|          2|
    |q_3_address0                    |   26|          5|   13|         65|
    |q_3_address1                    |   14|          3|   13|         39|
    |q_3_ce0                         |   26|          5|    1|          5|
    |q_3_ce1                         |   14|          3|    1|          3|
    |q_3_we0                         |    9|          2|    1|          2|
    |q_address0                      |   26|          5|   13|         65|
    |q_address1                      |   14|          3|   13|         39|
    |q_ce0                           |   26|          5|    1|          5|
    |q_ce1                           |   14|          3|    1|          3|
    |q_we0                           |    9|          2|    1|          2|
    |rT_y_1_reg_766                  |    9|          2|   32|         64|
    |r_address0                      |   31|          6|   12|         72|
    |r_ce0                           |   31|          6|    1|          6|
    |r_ce1                           |    9|          2|    1|          2|
    |r_d0                            |   14|          3|  256|        768|
    |r_dual_fu_480                   |    9|          2|   32|         64|
    |r_norm_reg_776                  |    9|          2|   32|         64|
    |r_prim_fu_484                   |    9|          2|   32|         64|
    |r_we0                           |   14|          3|   32|         96|
    |r_we1                           |    9|          2|   32|         64|
    |rho_address0                    |   43|          8|   12|         96|
    |rho_ce0                         |   43|          8|    1|          8|
    |rho_ce1                         |    9|          2|    1|          2|
    |rho_d0                          |   14|          3|  256|        768|
    |rho_inv_address0                |   20|          4|   12|         48|
    |rho_inv_ce0                     |   20|          4|    1|          4|
    |rho_inv_ce1                     |    9|          2|    1|          2|
    |rho_inv_d0                      |   14|          3|  256|        768|
    |rho_inv_we0                     |   14|          3|   32|         96|
    |rho_inv_we1                     |    9|          2|   32|         64|
    |rho_we0                         |   14|          3|   32|         96|
    |rho_we1                         |    9|          2|   32|         64|
    |tmp1_address0                   |   65|         14|   12|        168|
    |tmp1_address1                   |   26|          5|   12|         60|
    |tmp1_ce0                        |   65|         14|    1|         14|
    |tmp1_ce1                        |   26|          5|    1|          5|
    |tmp1_d0                         |   31|          6|  256|       1536|
    |tmp1_we0                        |   31|          6|   32|        192|
    |tmp1_we1                        |    9|          2|   32|         64|
    |tmp2_address0                   |   65|         12|   12|        144|
    |tmp2_address1                   |   26|          5|   12|         60|
    |tmp2_ce0                        |   65|         12|    1|         12|
    |tmp2_ce1                        |   26|          5|    1|          5|
    |tmp2_d0                         |   37|          7|  256|       1792|
    |tmp2_d1                         |   20|          4|  256|       1024|
    |tmp2_we0                        |   37|          7|   32|        224|
    |tmp2_we1                        |   20|          4|   32|        128|
    |tmp_269_fmax_fu_956_x           |   65|         12|   32|        384|
    |tmp_269_fmax_fu_956_y           |   65|         12|   32|        384|
    |total_pcg_iterations_fu_476     |    9|          2|   32|         64|
    |u_address0                      |   14|          3|   15|         45|
    |u_ce0                           |   14|          3|    1|          3|
    |u_we0                           |    9|          2|    1|          2|
    |x_address0                      |   31|          6|   12|         72|
    |x_ce0                           |   31|          6|    1|          6|
    |x_d0                            |   14|          3|  256|        768|
    |x_tilde_address0                |   31|          6|   12|         72|
    |x_tilde_ce0                     |   31|          6|    1|          6|
    |x_tilde_ce1                     |    9|          2|    1|          2|
    |x_tilde_d0                      |   14|          3|  256|        768|
    |x_tilde_we0                     |   14|          3|   32|         96|
    |x_tilde_we1                     |    9|          2|   32|         64|
    |x_we0                           |   14|          3|   32|         96|
    |y_address0                      |   37|          7|   12|         84|
    |y_ce0                           |   37|          7|    1|          7|
    |y_ce1                           |    9|          2|    1|          2|
    |y_d0                            |   20|          4|  256|       1024|
    |y_we0                           |   20|          4|   32|        128|
    |y_we1                           |    9|          2|   32|         64|
    |z_address0                      |   31|          6|   12|         72|
    |z_ce0                           |   31|          6|    1|          6|
    |z_d0                            |   14|          3|  256|        768|
    |z_we0                           |   14|          3|   32|         96|
    |zero_pcg_iters_fu_500           |    9|          2|   32|         64|
    +--------------------------------+-----+-----------+-----+-----------+
    |Total                           | 7474|       1484| 8993|      41538|
    +--------------------------------+-----+-----------+-----+-----------+

    * Register: 
    +----------------------------------------------------------+-----+----+-----+-----------+
    |                           Name                           |  FF | LUT| Bits| Const Bits|
    +----------------------------------------------------------+-----+----+-----+-----------+
    |AT_col_ptr_read_reg_2643                                  |   64|   0|   64|          0|
    |AT_row_idx_read_reg_2648                                  |   64|   0|   64|          0|
    |AT_values_read_reg_2638                                   |   64|   0|   64|          0|
    |ATy_norm_fu_468                                           |   32|   0|   32|          0|
    |A_col_ptr_read_reg_2664                                   |   64|   0|   64|          0|
    |A_nnz_read_reg_2653                                       |   32|   0|   32|          0|
    |A_row_idx_read_reg_2670                                   |   64|   0|   64|          0|
    |A_values_read_reg_2658                                    |   64|   0|   64|          0|
    |Ax_norm_fu_460                                            |   32|   0|   32|          0|
    |P_col_ptr_read_reg_2628                                   |   64|   0|   64|          0|
    |P_diag_read_reg_2613                                      |   64|   0|   64|          0|
    |P_nnz_read_reg_2618                                       |   32|   0|   32|          0|
    |P_row_idx_read_reg_2633                                   |   64|   0|   64|          0|
    |P_values_read_reg_2623                                    |   64|   0|   64|          0|
    |Px_norm_fu_464                                            |   32|   0|   32|          0|
    |S_reg_2992                                                |   32|   0|   32|          0|
    |adaptive_rho_read_reg_2567                                |    1|   0|    1|          0|
    |add3_i_reg_2982                                           |   32|   0|   32|          0|
    |add_i2_reg_2987                                           |   32|   0|   32|          0|
    |admm_max_iterations_read_reg_2577                         |   32|   0|   32|          0|
    |alpha_read_reg_2588                                       |   32|   0|   32|          0|
    |and_ln493_1_reg_2966                                      |    1|   0|    1|          0|
    |and_ln582_reg_3170                                        |    1|   0|    1|          0|
    |ap_CS_fsm                                                 |  168|   0|  168|          0|
    |current_rho_base_assign_fu_504                            |   32|   0|   32|          0|
    |empty_203_reg_2737                                        |   31|   0|   31|          0|
    |empty_205_reg_3238                                        |   31|   0|   31|          0|
    |empty_208_reg_3249                                        |   31|   0|   31|          0|
    |empty_reg_2729                                            |   31|   0|   31|          0|
    |eps_abs_read_reg_2561                                     |   32|   0|   32|          0|
    |eps_dual_reg_3200                                         |   32|   0|   32|          0|
    |eps_new_2_fu_492                                          |   32|   0|   32|          0|
    |eps_new_2_v_reg_3065                                      |   32|   0|   32|          0|
    |eps_new_3_reg_3093                                        |   32|   0|   32|          0|
    |eps_new_5_reg_3100                                        |   32|   0|   32|          0|
    |eps_prim_reg_3194                                         |   32|   0|   32|          0|
    |eps_rel_read_reg_2555                                     |   32|   0|   32|          0|
    |grp_admm_Pipeline_VITIS_LOOP_149_1_fu_1010_ap_start_reg   |    1|   0|    1|          0|
    |grp_admm_Pipeline_VITIS_LOOP_170_1_fu_980_ap_start_reg    |    1|   0|    1|          0|
    |grp_admm_Pipeline_VITIS_LOOP_170_3_fu_1018_ap_start_reg   |    1|   0|    1|          0|
    |grp_admm_Pipeline_VITIS_LOOP_177_2_fu_989_ap_start_reg    |    1|   0|    1|          0|
    |grp_admm_Pipeline_VITIS_LOOP_185_5_fu_1028_ap_start_reg   |    1|   0|    1|          0|
    |grp_admm_Pipeline_VITIS_LOOP_231_7_fu_1053_ap_start_reg   |    1|   0|    1|          0|
    |grp_admm_Pipeline_VITIS_LOOP_252_9_fu_1061_ap_start_reg   |    1|   0|    1|          0|
    |grp_admm_Pipeline_VITIS_LOOP_274_11_fu_1071_ap_start_reg  |    1|   0|    1|          0|
    |grp_admm_Pipeline_VITIS_LOOP_28_11_fu_1002_ap_start_reg   |    1|   0|    1|          0|
    |grp_admm_Pipeline_VITIS_LOOP_28_13_fu_1125_ap_start_reg   |    1|   0|    1|          0|
    |grp_admm_Pipeline_VITIS_LOOP_28_14_fu_1133_ap_start_reg   |    1|   0|    1|          0|
    |grp_admm_Pipeline_VITIS_LOOP_28_15_fu_1149_ap_start_reg   |    1|   0|    1|          0|
    |grp_admm_Pipeline_VITIS_LOOP_28_16_fu_1157_ap_start_reg   |    1|   0|    1|          0|
    |grp_admm_Pipeline_VITIS_LOOP_28_17_fu_1165_ap_start_reg   |    1|   0|    1|          0|
    |grp_admm_Pipeline_VITIS_LOOP_28_18_fu_1185_ap_start_reg   |    1|   0|    1|          0|
    |grp_admm_Pipeline_VITIS_LOOP_28_1_fu_903_ap_start_reg     |    1|   0|    1|          0|
    |grp_admm_Pipeline_VITIS_LOOP_306_13_fu_1084_ap_start_reg  |    1|   0|    1|          0|
    |grp_admm_Pipeline_VITIS_LOOP_459_1_fu_889_ap_start_reg    |    1|   0|    1|          0|
    |grp_admm_Pipeline_VITIS_LOOP_472_2_fu_913_ap_start_reg    |    1|   0|    1|          0|
    |grp_admm_Pipeline_VITIS_LOOP_523_4_fu_1101_ap_start_reg   |    1|   0|    1|          0|
    |grp_admm_Pipeline_VITIS_LOOP_529_5_fu_1110_ap_start_reg   |    1|   0|    1|          0|
    |grp_admm_Pipeline_VITIS_LOOP_546_6_fu_1141_ap_start_reg   |    1|   0|    1|          0|
    |grp_admm_Pipeline_VITIS_LOOP_566_8_fu_1173_ap_start_reg   |    1|   0|    1|          0|
    |grp_admm_Pipeline_VITIS_LOOP_607_10_fu_1193_ap_start_reg  |    1|   0|    1|          0|
    |grp_admm_Pipeline_VITIS_LOOP_613_11_fu_1202_ap_start_reg  |    1|   0|    1|          0|
    |grp_admm_Pipeline_VITIS_LOOP_9_12_fu_1093_ap_start_reg    |    1|   0|    1|          0|
    |grp_admm_Pipeline_VITIS_LOOP_9_1_fu_1045_ap_start_reg     |    1|   0|    1|          0|
    |grp_apply_new_rho_fu_970_ap_start_reg                     |    1|   0|    1|          0|
    |grp_dot_prod_fu_1038_ap_start_reg                         |    1|   0|    1|          0|
    |grp_spmv_csc_fu_820_ap_start_reg                          |    1|   0|    1|          0|
    |grp_update_preconditioner_fu_929_ap_start_reg             |    1|   0|    1|          0|
    |icmp_ln136_reg_3046                                       |    1|   0|    1|          0|
    |icmp_ln143_reg_3041                                       |    1|   0|    1|          0|
    |icmp_ln155_1_reg_3085                                     |    1|   0|    1|          0|
    |icmp_ln155_reg_3080                                       |    1|   0|    1|          0|
    |icmp_ln213_1_reg_3114                                     |    1|   0|    1|          0|
    |icmp_ln213_2_reg_3119                                     |    1|   0|    1|          0|
    |icmp_ln459_reg_2807                                       |    1|   0|    1|          0|
    |icmp_ln472_reg_2944                                       |    1|   0|    1|          0|
    |icmp_ln493_reg_2958                                       |    1|   0|    1|          0|
    |icmp_ln505_2_reg_3014                                     |    1|   0|    1|          0|
    |icmp_ln505_3_reg_3019                                     |    1|   0|    1|          0|
    |icmp_ln505_4_reg_3024                                     |    1|   0|    1|          0|
    |icmp_ln505_5_reg_3029                                     |    1|   0|    1|          0|
    |icmp_ln589_2_reg_3206                                     |    1|   0|    1|          0|
    |icmp_ln589_3_reg_3211                                     |    1|   0|    1|          0|
    |icmp_ln589_6_reg_3216                                     |    1|   0|    1|          0|
    |icmp_ln589_7_reg_3221                                     |    1|   0|    1|          0|
    |iter_count_reg_3132                                       |   31|   0|   31|          0|
    |k_1_reg_786                                               |   31|   0|   31|          0|
    |l_in_read_reg_2608                                        |   64|   0|   64|          0|
    |max_dual_reg_3189                                         |   32|   0|   32|          0|
    |max_val_0_i65_lcssa_reg_798                               |   32|   0|   32|          0|
    |max_val_0_i_i_lcssa_reg_755                               |   32|   0|   32|          0|
    |max_val_0_i_lcssa_reg_731                                 |   32|   0|   32|          0|
    |norm_z_fu_472                                             |   32|   0|   32|          0|
    |num_cols_read_reg_2676                                    |   32|   0|   32|          0|
    |num_iterations_1_reg_810                                  |   31|   0|   31|          0|
    |num_iterations_2_reg_743                                  |   31|   0|   31|          0|
    |num_iterations_reg_2970                                   |   31|   0|   31|          0|
    |num_pcg_iterations_fu_496                                 |   31|   0|   31|          0|
    |num_rows_read_reg_2708                                    |   32|   0|   32|          0|
    |one_minus_alpha_reg_2949                                  |   32|   0|   32|          0|
    |or_ln213_1_reg_3109                                       |    1|   0|    1|          0|
    |or_ln505_reg_3034                                         |    1|   0|    1|          0|
    |pT_K_p_reg_3137                                           |   32|   0|   32|          0|
    |pcg_max_iterations_read_reg_2572                          |   32|   0|   32|          0|
    |pcg_tol_fraction_assign_2_reg_3059                        |   32|   0|   32|          0|
    |pcg_tol_fraction_assign_fu_488                            |   32|   0|   32|          0|
    |pcg_tol_fraction_read_reg_2550                            |   32|   0|   32|          0|
    |phi_urem1_fu_452                                          |   31|   0|   31|          0|
    |phi_urem_fu_456                                           |   31|   0|   31|          0|
    |rT_y_1_reg_766                                            |   32|   0|   32|          0|
    |rT_y_3_reg_3147                                           |   32|   0|   32|          0|
    |rT_y_reg_3070                                             |   32|   0|   32|          0|
    |r_dual_fu_480                                             |   32|   0|   32|          0|
    |r_norm_reg_776                                            |   32|   0|   32|          0|
    |r_prim_fu_484                                             |   32|   0|   32|          0|
    |reg_1278                                                  |   32|   0|   32|          0|
    |reg_1298                                                  |   32|   0|   32|          0|
    |reg_1307                                                  |   32|   0|   32|          0|
    |reg_1316                                                  |   32|   0|   32|          0|
    |rho_base_new_2_reg_3006                                   |   32|   0|   32|          0|
    |rho_in_read_reg_2583                                      |   64|   0|   64|          0|
    |sigma_read_reg_2595                                       |   32|   0|   32|          0|
    |total_pcg_iterations_1_reg_3161                           |   32|   0|   32|          0|
    |total_pcg_iterations_fu_476                               |   32|   0|   32|          0|
    |trunc_ln1_reg_2929                                        |   62|   0|   62|          0|
    |trunc_ln2_reg_3232                                        |   62|   0|   62|          0|
    |trunc_ln3_reg_3243                                        |   62|   0|   62|          0|
    |trunc_ln472_1_reg_2934                                    |   62|   0|   62|          0|
    |trunc_ln472_2_reg_2939                                    |   62|   0|   62|          0|
    |trunc_ln_reg_2812                                         |   62|   0|   62|          0|
    |u_in_read_reg_2603                                        |   64|   0|   64|          0|
    |upper_bound_reg_3000                                      |   32|   0|   32|          0|
    |x_out_read_reg_2545                                       |   64|   0|   64|          0|
    |y_out_read_reg_2540                                       |   64|   0|   64|          0|
    |zero_pcg_iters_2_reg_3051                                 |   32|   0|   32|          0|
    |zero_pcg_iters_fu_500                                     |   32|   0|   32|          0|
    |zext_ln213_reg_3124                                       |   31|   0|   32|          1|
    +----------------------------------------------------------+-----+----+-----+-----------+
    |Total                                                     | 3524|   0| 3525|          1|
    +----------------------------------------------------------+-----+----+-----+-----------+



================================================================
== Interface
================================================================
* Summary: 
+-------------------------+-----+-----+------------+--------------+--------------+
|        RTL Ports        | Dir | Bits|  Protocol  | Source Object|    C Type    |
+-------------------------+-----+-----+------------+--------------+--------------+
|s_axi_control_AWVALID    |   in|    1|       s_axi|       control|       pointer|
|s_axi_control_AWREADY    |  out|    1|       s_axi|       control|       pointer|
|s_axi_control_AWADDR     |   in|    8|       s_axi|       control|       pointer|
|s_axi_control_WVALID     |   in|    1|       s_axi|       control|       pointer|
|s_axi_control_WREADY     |  out|    1|       s_axi|       control|       pointer|
|s_axi_control_WDATA      |   in|   32|       s_axi|       control|       pointer|
|s_axi_control_WSTRB      |   in|    4|       s_axi|       control|       pointer|
|s_axi_control_ARVALID    |   in|    1|       s_axi|       control|       pointer|
|s_axi_control_ARREADY    |  out|    1|       s_axi|       control|       pointer|
|s_axi_control_ARADDR     |   in|    8|       s_axi|       control|       pointer|
|s_axi_control_RVALID     |  out|    1|       s_axi|       control|       pointer|
|s_axi_control_RREADY     |   in|    1|       s_axi|       control|       pointer|
|s_axi_control_RDATA      |  out|   32|       s_axi|       control|       pointer|
|s_axi_control_RRESP      |  out|    2|       s_axi|       control|       pointer|
|s_axi_control_BVALID     |  out|    1|       s_axi|       control|       pointer|
|s_axi_control_BREADY     |   in|    1|       s_axi|       control|       pointer|
|s_axi_control_BRESP      |  out|    2|       s_axi|       control|       pointer|
|s_axi_control_r_AWVALID  |   in|    1|       s_axi|     control_r|        scalar|
|s_axi_control_r_AWREADY  |  out|    1|       s_axi|     control_r|        scalar|
|s_axi_control_r_AWADDR   |   in|    8|       s_axi|     control_r|        scalar|
|s_axi_control_r_WVALID   |   in|    1|       s_axi|     control_r|        scalar|
|s_axi_control_r_WREADY   |  out|    1|       s_axi|     control_r|        scalar|
|s_axi_control_r_WDATA    |   in|   32|       s_axi|     control_r|        scalar|
|s_axi_control_r_WSTRB    |   in|    4|       s_axi|     control_r|        scalar|
|s_axi_control_r_ARVALID  |   in|    1|       s_axi|     control_r|        scalar|
|s_axi_control_r_ARREADY  |  out|    1|       s_axi|     control_r|        scalar|
|s_axi_control_r_ARADDR   |   in|    8|       s_axi|     control_r|        scalar|
|s_axi_control_r_RVALID   |  out|    1|       s_axi|     control_r|        scalar|
|s_axi_control_r_RREADY   |   in|    1|       s_axi|     control_r|        scalar|
|s_axi_control_r_RDATA    |  out|   32|       s_axi|     control_r|        scalar|
|s_axi_control_r_RRESP    |  out|    2|       s_axi|     control_r|        scalar|
|s_axi_control_r_BVALID   |  out|    1|       s_axi|     control_r|        scalar|
|s_axi_control_r_BREADY   |   in|    1|       s_axi|     control_r|        scalar|
|s_axi_control_r_BRESP    |  out|    2|       s_axi|     control_r|        scalar|
|ap_clk                   |   in|    1|  ap_ctrl_hs|          admm|  return value|
|ap_rst_n                 |   in|    1|  ap_ctrl_hs|          admm|  return value|
|interrupt                |  out|    1|  ap_ctrl_hs|          admm|  return value|
|m_axi_gmem0_AWVALID      |  out|    1|       m_axi|         gmem0|       pointer|
|m_axi_gmem0_AWREADY      |   in|    1|       m_axi|         gmem0|       pointer|
|m_axi_gmem0_AWADDR       |  out|   64|       m_axi|         gmem0|       pointer|
|m_axi_gmem0_AWID         |  out|    1|       m_axi|         gmem0|       pointer|
|m_axi_gmem0_AWLEN        |  out|    8|       m_axi|         gmem0|       pointer|
|m_axi_gmem0_AWSIZE       |  out|    3|       m_axi|         gmem0|       pointer|
|m_axi_gmem0_AWBURST      |  out|    2|       m_axi|         gmem0|       pointer|
|m_axi_gmem0_AWLOCK       |  out|    2|       m_axi|         gmem0|       pointer|
|m_axi_gmem0_AWCACHE      |  out|    4|       m_axi|         gmem0|       pointer|
|m_axi_gmem0_AWPROT       |  out|    3|       m_axi|         gmem0|       pointer|
|m_axi_gmem0_AWQOS        |  out|    4|       m_axi|         gmem0|       pointer|
|m_axi_gmem0_AWREGION     |  out|    4|       m_axi|         gmem0|       pointer|
|m_axi_gmem0_AWUSER       |  out|    1|       m_axi|         gmem0|       pointer|
|m_axi_gmem0_WVALID       |  out|    1|       m_axi|         gmem0|       pointer|
|m_axi_gmem0_WREADY       |   in|    1|       m_axi|         gmem0|       pointer|
|m_axi_gmem0_WDATA        |  out|  512|       m_axi|         gmem0|       pointer|
|m_axi_gmem0_WSTRB        |  out|   64|       m_axi|         gmem0|       pointer|
|m_axi_gmem0_WLAST        |  out|    1|       m_axi|         gmem0|       pointer|
|m_axi_gmem0_WID          |  out|    1|       m_axi|         gmem0|       pointer|
|m_axi_gmem0_WUSER        |  out|    1|       m_axi|         gmem0|       pointer|
|m_axi_gmem0_ARVALID      |  out|    1|       m_axi|         gmem0|       pointer|
|m_axi_gmem0_ARREADY      |   in|    1|       m_axi|         gmem0|       pointer|
|m_axi_gmem0_ARADDR       |  out|   64|       m_axi|         gmem0|       pointer|
|m_axi_gmem0_ARID         |  out|    1|       m_axi|         gmem0|       pointer|
|m_axi_gmem0_ARLEN        |  out|    8|       m_axi|         gmem0|       pointer|
|m_axi_gmem0_ARSIZE       |  out|    3|       m_axi|         gmem0|       pointer|
|m_axi_gmem0_ARBURST      |  out|    2|       m_axi|         gmem0|       pointer|
|m_axi_gmem0_ARLOCK       |  out|    2|       m_axi|         gmem0|       pointer|
|m_axi_gmem0_ARCACHE      |  out|    4|       m_axi|         gmem0|       pointer|
|m_axi_gmem0_ARPROT       |  out|    3|       m_axi|         gmem0|       pointer|
|m_axi_gmem0_ARQOS        |  out|    4|       m_axi|         gmem0|       pointer|
|m_axi_gmem0_ARREGION     |  out|    4|       m_axi|         gmem0|       pointer|
|m_axi_gmem0_ARUSER       |  out|    1|       m_axi|         gmem0|       pointer|
|m_axi_gmem0_RVALID       |   in|    1|       m_axi|         gmem0|       pointer|
|m_axi_gmem0_RREADY       |  out|    1|       m_axi|         gmem0|       pointer|
|m_axi_gmem0_RDATA        |   in|  512|       m_axi|         gmem0|       pointer|
|m_axi_gmem0_RLAST        |   in|    1|       m_axi|         gmem0|       pointer|
|m_axi_gmem0_RID          |   in|    1|       m_axi|         gmem0|       pointer|
|m_axi_gmem0_RUSER        |   in|    1|       m_axi|         gmem0|       pointer|
|m_axi_gmem0_RRESP        |   in|    2|       m_axi|         gmem0|       pointer|
|m_axi_gmem0_BVALID       |   in|    1|       m_axi|         gmem0|       pointer|
|m_axi_gmem0_BREADY       |  out|    1|       m_axi|         gmem0|       pointer|
|m_axi_gmem0_BRESP        |   in|    2|       m_axi|         gmem0|       pointer|
|m_axi_gmem0_BID          |   in|    1|       m_axi|         gmem0|       pointer|
|m_axi_gmem0_BUSER        |   in|    1|       m_axi|         gmem0|       pointer|
|m_axi_gmem1_AWVALID      |  out|    1|       m_axi|         gmem1|       pointer|
|m_axi_gmem1_AWREADY      |   in|    1|       m_axi|         gmem1|       pointer|
|m_axi_gmem1_AWADDR       |  out|   64|       m_axi|         gmem1|       pointer|
|m_axi_gmem1_AWID         |  out|    1|       m_axi|         gmem1|       pointer|
|m_axi_gmem1_AWLEN        |  out|    8|       m_axi|         gmem1|       pointer|
|m_axi_gmem1_AWSIZE       |  out|    3|       m_axi|         gmem1|       pointer|
|m_axi_gmem1_AWBURST      |  out|    2|       m_axi|         gmem1|       pointer|
|m_axi_gmem1_AWLOCK       |  out|    2|       m_axi|         gmem1|       pointer|
|m_axi_gmem1_AWCACHE      |  out|    4|       m_axi|         gmem1|       pointer|
|m_axi_gmem1_AWPROT       |  out|    3|       m_axi|         gmem1|       pointer|
|m_axi_gmem1_AWQOS        |  out|    4|       m_axi|         gmem1|       pointer|
|m_axi_gmem1_AWREGION     |  out|    4|       m_axi|         gmem1|       pointer|
|m_axi_gmem1_AWUSER       |  out|    1|       m_axi|         gmem1|       pointer|
|m_axi_gmem1_WVALID       |  out|    1|       m_axi|         gmem1|       pointer|
|m_axi_gmem1_WREADY       |   in|    1|       m_axi|         gmem1|       pointer|
|m_axi_gmem1_WDATA        |  out|   32|       m_axi|         gmem1|       pointer|
|m_axi_gmem1_WSTRB        |  out|    4|       m_axi|         gmem1|       pointer|
|m_axi_gmem1_WLAST        |  out|    1|       m_axi|         gmem1|       pointer|
|m_axi_gmem1_WID          |  out|    1|       m_axi|         gmem1|       pointer|
|m_axi_gmem1_WUSER        |  out|    1|       m_axi|         gmem1|       pointer|
|m_axi_gmem1_ARVALID      |  out|    1|       m_axi|         gmem1|       pointer|
|m_axi_gmem1_ARREADY      |   in|    1|       m_axi|         gmem1|       pointer|
|m_axi_gmem1_ARADDR       |  out|   64|       m_axi|         gmem1|       pointer|
|m_axi_gmem1_ARID         |  out|    1|       m_axi|         gmem1|       pointer|
|m_axi_gmem1_ARLEN        |  out|    8|       m_axi|         gmem1|       pointer|
|m_axi_gmem1_ARSIZE       |  out|    3|       m_axi|         gmem1|       pointer|
|m_axi_gmem1_ARBURST      |  out|    2|       m_axi|         gmem1|       pointer|
|m_axi_gmem1_ARLOCK       |  out|    2|       m_axi|         gmem1|       pointer|
|m_axi_gmem1_ARCACHE      |  out|    4|       m_axi|         gmem1|       pointer|
|m_axi_gmem1_ARPROT       |  out|    3|       m_axi|         gmem1|       pointer|
|m_axi_gmem1_ARQOS        |  out|    4|       m_axi|         gmem1|       pointer|
|m_axi_gmem1_ARREGION     |  out|    4|       m_axi|         gmem1|       pointer|
|m_axi_gmem1_ARUSER       |  out|    1|       m_axi|         gmem1|       pointer|
|m_axi_gmem1_RVALID       |   in|    1|       m_axi|         gmem1|       pointer|
|m_axi_gmem1_RREADY       |  out|    1|       m_axi|         gmem1|       pointer|
|m_axi_gmem1_RDATA        |   in|   32|       m_axi|         gmem1|       pointer|
|m_axi_gmem1_RLAST        |   in|    1|       m_axi|         gmem1|       pointer|
|m_axi_gmem1_RID          |   in|    1|       m_axi|         gmem1|       pointer|
|m_axi_gmem1_RUSER        |   in|    1|       m_axi|         gmem1|       pointer|
|m_axi_gmem1_RRESP        |   in|    2|       m_axi|         gmem1|       pointer|
|m_axi_gmem1_BVALID       |   in|    1|       m_axi|         gmem1|       pointer|
|m_axi_gmem1_BREADY       |  out|    1|       m_axi|         gmem1|       pointer|
|m_axi_gmem1_BRESP        |   in|    2|       m_axi|         gmem1|       pointer|
|m_axi_gmem1_BID          |   in|    1|       m_axi|         gmem1|       pointer|
|m_axi_gmem1_BUSER        |   in|    1|       m_axi|         gmem1|       pointer|
|m_axi_gmem2_AWVALID      |  out|    1|       m_axi|         gmem2|       pointer|
|m_axi_gmem2_AWREADY      |   in|    1|       m_axi|         gmem2|       pointer|
|m_axi_gmem2_AWADDR       |  out|   64|       m_axi|         gmem2|       pointer|
|m_axi_gmem2_AWID         |  out|    1|       m_axi|         gmem2|       pointer|
|m_axi_gmem2_AWLEN        |  out|    8|       m_axi|         gmem2|       pointer|
|m_axi_gmem2_AWSIZE       |  out|    3|       m_axi|         gmem2|       pointer|
|m_axi_gmem2_AWBURST      |  out|    2|       m_axi|         gmem2|       pointer|
|m_axi_gmem2_AWLOCK       |  out|    2|       m_axi|         gmem2|       pointer|
|m_axi_gmem2_AWCACHE      |  out|    4|       m_axi|         gmem2|       pointer|
|m_axi_gmem2_AWPROT       |  out|    3|       m_axi|         gmem2|       pointer|
|m_axi_gmem2_AWQOS        |  out|    4|       m_axi|         gmem2|       pointer|
|m_axi_gmem2_AWREGION     |  out|    4|       m_axi|         gmem2|       pointer|
|m_axi_gmem2_AWUSER       |  out|    1|       m_axi|         gmem2|       pointer|
|m_axi_gmem2_WVALID       |  out|    1|       m_axi|         gmem2|       pointer|
|m_axi_gmem2_WREADY       |   in|    1|       m_axi|         gmem2|       pointer|
|m_axi_gmem2_WDATA        |  out|  512|       m_axi|         gmem2|       pointer|
|m_axi_gmem2_WSTRB        |  out|   64|       m_axi|         gmem2|       pointer|
|m_axi_gmem2_WLAST        |  out|    1|       m_axi|         gmem2|       pointer|
|m_axi_gmem2_WID          |  out|    1|       m_axi|         gmem2|       pointer|
|m_axi_gmem2_WUSER        |  out|    1|       m_axi|         gmem2|       pointer|
|m_axi_gmem2_ARVALID      |  out|    1|       m_axi|         gmem2|       pointer|
|m_axi_gmem2_ARREADY      |   in|    1|       m_axi|         gmem2|       pointer|
|m_axi_gmem2_ARADDR       |  out|   64|       m_axi|         gmem2|       pointer|
|m_axi_gmem2_ARID         |  out|    1|       m_axi|         gmem2|       pointer|
|m_axi_gmem2_ARLEN        |  out|    8|       m_axi|         gmem2|       pointer|
|m_axi_gmem2_ARSIZE       |  out|    3|       m_axi|         gmem2|       pointer|
|m_axi_gmem2_ARBURST      |  out|    2|       m_axi|         gmem2|       pointer|
|m_axi_gmem2_ARLOCK       |  out|    2|       m_axi|         gmem2|       pointer|
|m_axi_gmem2_ARCACHE      |  out|    4|       m_axi|         gmem2|       pointer|
|m_axi_gmem2_ARPROT       |  out|    3|       m_axi|         gmem2|       pointer|
|m_axi_gmem2_ARQOS        |  out|    4|       m_axi|         gmem2|       pointer|
|m_axi_gmem2_ARREGION     |  out|    4|       m_axi|         gmem2|       pointer|
|m_axi_gmem2_ARUSER       |  out|    1|       m_axi|         gmem2|       pointer|
|m_axi_gmem2_RVALID       |   in|    1|       m_axi|         gmem2|       pointer|
|m_axi_gmem2_RREADY       |  out|    1|       m_axi|         gmem2|       pointer|
|m_axi_gmem2_RDATA        |   in|  512|       m_axi|         gmem2|       pointer|
|m_axi_gmem2_RLAST        |   in|    1|       m_axi|         gmem2|       pointer|
|m_axi_gmem2_RID          |   in|    1|       m_axi|         gmem2|       pointer|
|m_axi_gmem2_RUSER        |   in|    1|       m_axi|         gmem2|       pointer|
|m_axi_gmem2_RRESP        |   in|    2|       m_axi|         gmem2|       pointer|
|m_axi_gmem2_BVALID       |   in|    1|       m_axi|         gmem2|       pointer|
|m_axi_gmem2_BREADY       |  out|    1|       m_axi|         gmem2|       pointer|
|m_axi_gmem2_BRESP        |   in|    2|       m_axi|         gmem2|       pointer|
|m_axi_gmem2_BID          |   in|    1|       m_axi|         gmem2|       pointer|
|m_axi_gmem2_BUSER        |   in|    1|       m_axi|         gmem2|       pointer|
|m_axi_gmem3_AWVALID      |  out|    1|       m_axi|         gmem3|       pointer|
|m_axi_gmem3_AWREADY      |   in|    1|       m_axi|         gmem3|       pointer|
|m_axi_gmem3_AWADDR       |  out|   64|       m_axi|         gmem3|       pointer|
|m_axi_gmem3_AWID         |  out|    1|       m_axi|         gmem3|       pointer|
|m_axi_gmem3_AWLEN        |  out|    8|       m_axi|         gmem3|       pointer|
|m_axi_gmem3_AWSIZE       |  out|    3|       m_axi|         gmem3|       pointer|
|m_axi_gmem3_AWBURST      |  out|    2|       m_axi|         gmem3|       pointer|
|m_axi_gmem3_AWLOCK       |  out|    2|       m_axi|         gmem3|       pointer|
|m_axi_gmem3_AWCACHE      |  out|    4|       m_axi|         gmem3|       pointer|
|m_axi_gmem3_AWPROT       |  out|    3|       m_axi|         gmem3|       pointer|
|m_axi_gmem3_AWQOS        |  out|    4|       m_axi|         gmem3|       pointer|
|m_axi_gmem3_AWREGION     |  out|    4|       m_axi|         gmem3|       pointer|
|m_axi_gmem3_AWUSER       |  out|    1|       m_axi|         gmem3|       pointer|
|m_axi_gmem3_WVALID       |  out|    1|       m_axi|         gmem3|       pointer|
|m_axi_gmem3_WREADY       |   in|    1|       m_axi|         gmem3|       pointer|
|m_axi_gmem3_WDATA        |  out|   32|       m_axi|         gmem3|       pointer|
|m_axi_gmem3_WSTRB        |  out|    4|       m_axi|         gmem3|       pointer|
|m_axi_gmem3_WLAST        |  out|    1|       m_axi|         gmem3|       pointer|
|m_axi_gmem3_WID          |  out|    1|       m_axi|         gmem3|       pointer|
|m_axi_gmem3_WUSER        |  out|    1|       m_axi|         gmem3|       pointer|
|m_axi_gmem3_ARVALID      |  out|    1|       m_axi|         gmem3|       pointer|
|m_axi_gmem3_ARREADY      |   in|    1|       m_axi|         gmem3|       pointer|
|m_axi_gmem3_ARADDR       |  out|   64|       m_axi|         gmem3|       pointer|
|m_axi_gmem3_ARID         |  out|    1|       m_axi|         gmem3|       pointer|
|m_axi_gmem3_ARLEN        |  out|    8|       m_axi|         gmem3|       pointer|
|m_axi_gmem3_ARSIZE       |  out|    3|       m_axi|         gmem3|       pointer|
|m_axi_gmem3_ARBURST      |  out|    2|       m_axi|         gmem3|       pointer|
|m_axi_gmem3_ARLOCK       |  out|    2|       m_axi|         gmem3|       pointer|
|m_axi_gmem3_ARCACHE      |  out|    4|       m_axi|         gmem3|       pointer|
|m_axi_gmem3_ARPROT       |  out|    3|       m_axi|         gmem3|       pointer|
|m_axi_gmem3_ARQOS        |  out|    4|       m_axi|         gmem3|       pointer|
|m_axi_gmem3_ARREGION     |  out|    4|       m_axi|         gmem3|       pointer|
|m_axi_gmem3_ARUSER       |  out|    1|       m_axi|         gmem3|       pointer|
|m_axi_gmem3_RVALID       |   in|    1|       m_axi|         gmem3|       pointer|
|m_axi_gmem3_RREADY       |  out|    1|       m_axi|         gmem3|       pointer|
|m_axi_gmem3_RDATA        |   in|   32|       m_axi|         gmem3|       pointer|
|m_axi_gmem3_RLAST        |   in|    1|       m_axi|         gmem3|       pointer|
|m_axi_gmem3_RID          |   in|    1|       m_axi|         gmem3|       pointer|
|m_axi_gmem3_RUSER        |   in|    1|       m_axi|         gmem3|       pointer|
|m_axi_gmem3_RRESP        |   in|    2|       m_axi|         gmem3|       pointer|
|m_axi_gmem3_BVALID       |   in|    1|       m_axi|         gmem3|       pointer|
|m_axi_gmem3_BREADY       |  out|    1|       m_axi|         gmem3|       pointer|
|m_axi_gmem3_BRESP        |   in|    2|       m_axi|         gmem3|       pointer|
|m_axi_gmem3_BID          |   in|    1|       m_axi|         gmem3|       pointer|
|m_axi_gmem3_BUSER        |   in|    1|       m_axi|         gmem3|       pointer|
+-------------------------+-----+-----+------------+--------------+--------------+

