

================================================================
== Vitis HLS Report for 'compute_pe_10_Pipeline_VITIS_LOOP_251_2'
================================================================
* Date:           Thu Apr 23 17:42:09 2026

* Version:        2024.2 (Build 5238294 on Nov  8 2024)
* Project:        spmv_csc
* Solution:       hls (Vivado IP Flow Target)
* Product family: zynquplus
* Target device:  xczu7ev-ffvc1156-2-e


================================================================
== Performance Estimates
================================================================
+ Timing: 
    * Summary: 
    +--------+---------+----------+------------+
    |  Clock |  Target | Estimated| Uncertainty|
    +--------+---------+----------+------------+
    |ap_clk  |  5.00 ns|  4.965 ns|     1.00 ns|
    +--------+---------+----------+------------+

+ Latency: 
    * Summary: 
    +---------+---------+----------+----------+-----+-----+------------------------------------------------+
    |  Latency (cycles) |  Latency (absolute) |  Interval |                    Pipeline                    |
    |   min   |   max   |    min   |    max   | min | max |                      Type                      |
    +---------+---------+----------+----------+-----+-----+------------------------------------------------+
    |        ?|        ?|         ?|         ?|    0|    0|  loop auto-rewind stp (delay=0 clock cycles(s))|
    +---------+---------+----------+----------+-----+-----+------------------------------------------------+

    + Detail: 
        * Instance: 
        N/A

        * Loop: 
        +--------------------+---------+---------+----------+-----------+-----------+------+----------+
        |                    |  Latency (cycles) | Iteration|  Initiation Interval  | Trip |          |
        |      Loop Name     |   min   |   max   |  Latency |  achieved |   target  | Count| Pipelined|
        +--------------------+---------+---------+----------+-----------+-----------+------+----------+
        |- VITIS_LOOP_251_2  |        ?|        ?|        10|          6|          1|     ?|       yes|
        +--------------------+---------+---------+----------+-----------+-----------+------+----------+



================================================================
== Utilization Estimates
================================================================
* Summary: 
+-----------------+---------+------+--------+--------+-----+
|       Name      | BRAM_18K|  DSP |   FF   |   LUT  | URAM|
+-----------------+---------+------+--------+--------+-----+
|DSP              |        -|     -|       -|       -|    -|
|Expression       |        -|     -|       0|      43|    -|
|FIFO             |        -|     -|       -|       -|    -|
|Instance         |        -|     3|     376|     545|    -|
|Memory           |        -|     -|       -|       -|    -|
|Multiplexer      |        -|     -|       0|      96|    -|
|Register         |        -|     -|     129|       -|    -|
+-----------------+---------+------+--------+--------+-----+
|Total            |        0|     3|     505|     684|    0|
+-----------------+---------+------+--------+--------+-----+
|Available        |      624|  1728|  460800|  230400|   96|
+-----------------+---------+------+--------+--------+-----+
|Utilization (%)  |        0|    ~0|      ~0|      ~0|    0|
+-----------------+---------+------+--------+--------+-----+

+ Detail: 
    * Instance: 
    +------------------------------------+-------------------------------+---------+----+-----+-----+-----+
    |              Instance              |             Module            | BRAM_18K| DSP|  FF | LUT | URAM|
    +------------------------------------+-------------------------------+---------+----+-----+-----+-----+
    |fadd_32ns_32ns_32_5_no_dsp_1_U239   |fadd_32ns_32ns_32_5_no_dsp_1   |        0|   0|  233|  406|    0|
    |fmul_32ns_32ns_32_4_max_dsp_1_U240  |fmul_32ns_32ns_32_4_max_dsp_1  |        0|   3|  143|  139|    0|
    +------------------------------------+-------------------------------+---------+----+-----+-----+-----+
    |Total                               |                               |        0|   3|  376|  545|    0|
    +------------------------------------+-------------------------------+---------+----+-----+-----+-----+

    * DSP: 
    N/A

    * Memory: 
    N/A

    * FIFO: 
    N/A

    * Expression: 
    +---------------------------+----------+----+---+----+------------+------------+
    |       Variable Name       | Operation| DSP| FF| LUT| Bitwidth P0| Bitwidth P1|
    +---------------------------+----------+----+---+----+------------+------------+
    |ap_block_pp0_stage0_11001  |       and|   0|  0|   2|           1|           1|
    |icmp_ln261_fu_126_p2       |      icmp|   0|  0|  39|          32|          32|
    |ap_enable_pp0              |       xor|   0|  0|   2|           1|           2|
    +---------------------------+----------+----+---+----+------------+------------+
    |Total                      |          |   0|  0|  43|          34|          35|
    +---------------------------+----------+----+---+----+------------+------------+

    * Multiplexer: 
    +-----------------------------+----+-----------+-----+-----------+
    |             Name            | LUT| Input Size| Bits| Total Bits|
    +-----------------------------+----+-----------+-----+-----------+
    |ap_NS_fsm                    |  37|          7|    1|          7|
    |ap_done_int                  |   9|          2|    1|          2|
    |ap_enable_reg_pp0_iter0      |   9|          2|    1|          2|
    |ap_enable_reg_pp0_iter0_reg  |   9|          2|    1|          2|
    |ap_enable_reg_pp0_iter1      |   9|          2|    1|          2|
    |pe_streams_10_blk_n          |   9|          2|    1|          2|
    |y_partial_address0_local     |  14|          3|   10|         30|
    +-----------------------------+----+-----------+-----+-----------+
    |Total                        |  96|         20|   16|         47|
    +-----------------------------+----+-----------+-----+-----------+

    * Register: 
    +-------------------------------------------+----+----+-----+-----------+
    |                    Name                   | FF | LUT| Bits| Const Bits|
    +-------------------------------------------+----+----+-----+-----------+
    |ap_CS_fsm                                  |   6|   0|    6|          0|
    |ap_block_pp0_stage0_subdone_grp0_done_reg  |   1|   0|    1|          0|
    |ap_done_reg                                |   1|   0|    1|          0|
    |ap_enable_reg_pp0_iter0_reg                |   1|   0|    1|          0|
    |ap_enable_reg_pp0_iter1                    |   1|   0|    1|          0|
    |icmp_ln261_reg_151                         |   1|   0|    1|          0|
    |icmp_ln261_reg_151_pp0_iter1_reg           |   1|   0|    1|          0|
    |mul_reg_160                                |  32|   0|   32|          0|
    |pkt_last_reg_137                           |   1|   0|    1|          0|
    |pkt_val_reg_141                            |  32|   0|   32|          0|
    |pkt_x_reg_146                              |  32|   0|   32|          0|
    |y_partial_addr_reg_155                     |  10|   0|   10|          0|
    |y_partial_addr_reg_155_pp0_iter1_reg       |  10|   0|   10|          0|
    +-------------------------------------------+----+----+-----+-----------+
    |Total                                      | 129|   0|  129|          0|
    +-------------------------------------------+----+----+-----+-----------+



================================================================
== Interface
================================================================
* Summary: 
+------------------------------+-----+-----+------------+-----------------------------------------+--------------+
|           RTL Ports          | Dir | Bits|  Protocol  |              Source Object              |    C Type    |
+------------------------------+-----+-----+------------+-----------------------------------------+--------------+
|ap_clk                        |   in|    1|  ap_ctrl_hs|  compute_pe.10_Pipeline_VITIS_LOOP_251_2|  return value|
|ap_rst                        |   in|    1|  ap_ctrl_hs|  compute_pe.10_Pipeline_VITIS_LOOP_251_2|  return value|
|ap_start                      |   in|    1|  ap_ctrl_hs|  compute_pe.10_Pipeline_VITIS_LOOP_251_2|  return value|
|ap_done                       |  out|    1|  ap_ctrl_hs|  compute_pe.10_Pipeline_VITIS_LOOP_251_2|  return value|
|ap_idle                       |  out|    1|  ap_ctrl_hs|  compute_pe.10_Pipeline_VITIS_LOOP_251_2|  return value|
|ap_ready                      |  out|    1|  ap_ctrl_hs|  compute_pe.10_Pipeline_VITIS_LOOP_251_2|  return value|
|pe_streams_10_dout            |   in|   97|     ap_fifo|                            pe_streams_10|       pointer|
|pe_streams_10_empty_n         |   in|    1|     ap_fifo|                            pe_streams_10|       pointer|
|pe_streams_10_read            |  out|    1|     ap_fifo|                            pe_streams_10|       pointer|
|pe_streams_10_num_data_valid  |   in|    9|     ap_fifo|                            pe_streams_10|       pointer|
|pe_streams_10_fifo_cap        |   in|    9|     ap_fifo|                            pe_streams_10|       pointer|
|num_rows_14                   |   in|   32|     ap_none|                              num_rows_14|        scalar|
|y_partial_address0            |  out|   10|   ap_memory|                                y_partial|         array|
|y_partial_ce0                 |  out|    1|   ap_memory|                                y_partial|         array|
|y_partial_we0                 |  out|    1|   ap_memory|                                y_partial|         array|
|y_partial_d0                  |  out|   32|   ap_memory|                                y_partial|         array|
|y_partial_q0                  |   in|   32|   ap_memory|                                y_partial|         array|
+------------------------------+-----+-----+------------+-----------------------------------------+--------------+

